Archive member included to satisfy reference by file (symbol)

C:/ST/STM32CubeIDE_1.16.0/STM32CubeIDE/plugins/com.st.stm32cube.ide.mcu.externaltools.gnu-tools-for-stm32.12.3.rel1.win32_1.0.200.202406191623/tools/bin/../lib/gcc/arm-none-eabi/12.3.1/../../../../arm-none-eabi/lib/thumb/v7e-m+fp/hard\libc_nano.a(libc_a-exit.o)
                              C:/ST/STM32CubeIDE_1.16.0/STM32CubeIDE/plugins/com.st.stm32cube.ide.mcu.externaltools.gnu-tools-for-stm32.12.3.rel1.win32_1.0.200.202406191623/tools/bin/../lib/gcc/arm-none-eabi/12.3.1/../../../../arm-none-eabi/lib/thumb/v7e-m+fp/hard/crt0.o (exit)
C:/ST/STM32CubeIDE_1.16.0/STM32CubeIDE/plugins/com.st.stm32cube.ide.mcu.externaltools.gnu-tools-for-stm32.12.3.rel1.win32_1.0.200.202406191623/tools/bin/../lib/gcc/arm-none-eabi/12.3.1/../../../../arm-none-eabi/lib/thumb/v7e-m+fp/hard\libc_nano.a(libc_a-findfp.o)
                              C:/ST/STM32CubeIDE_1.16.0/STM32CubeIDE/plugins/com.st.stm32cube.ide.mcu.externaltools.gnu-tools-for-stm32.12.3.rel1.win32_1.0.200.202406191623/tools/bin/../lib/gcc/arm-none-eabi/12.3.1/../../../../arm-none-eabi/lib/thumb/v7e-m+fp/hard\libc_nano.a(libc_a-exit.o) (__stdio_exit_handler)
C:/ST/STM32CubeIDE_1.16.0/STM32CubeIDE/plugins/com.st.stm32cube.ide.mcu.externaltools.gnu-tools-for-stm32.12.3.rel1.win32_1.0.200.202406191623/tools/bin/../lib/gcc/arm-none-eabi/12.3.1/../../../../arm-none-eabi/lib/thumb/v7e-m+fp/hard\libc_nano.a(libc_a-fwalk.o)
                              C:/ST/STM32CubeIDE_1.16.0/STM32CubeIDE/plugins/com.st.stm32cube.ide.mcu.externaltools.gnu-tools-for-stm32.12.3.rel1.win32_1.0.200.202406191623/tools/bin/../lib/gcc/arm-none-eabi/12.3.1/../../../../arm-none-eabi/lib/thumb/v7e-m+fp/hard\libc_nano.a(libc_a-findfp.o) (_fwalk_sglue)
C:/ST/STM32CubeIDE_1.16.0/STM32CubeIDE/plugins/com.st.stm32cube.ide.mcu.externaltools.gnu-tools-for-stm32.12.3.rel1.win32_1.0.200.202406191623/tools/bin/../lib/gcc/arm-none-eabi/12.3.1/../../../../arm-none-eabi/lib/thumb/v7e-m+fp/hard\libc_nano.a(libc_a-sprintf.o)
                              ./Core/Src/main.o (sprintf)
C:/ST/STM32CubeIDE_1.16.0/STM32CubeIDE/plugins/com.st.stm32cube.ide.mcu.externaltools.gnu-tools-for-stm32.12.3.rel1.win32_1.0.200.202406191623/tools/bin/../lib/gcc/arm-none-eabi/12.3.1/../../../../arm-none-eabi/lib/thumb/v7e-m+fp/hard\libc_nano.a(libc_a-stdio.o)
                              C:/ST/STM32CubeIDE_1.16.0/STM32CubeIDE/plugins/com.st.stm32cube.ide.mcu.externaltools.gnu-tools-for-stm32.12.3.rel1.win32_1.0.200.202406191623/tools/bin/../lib/gcc/arm-none-eabi/12.3.1/../../../../arm-none-eabi/lib/thumb/v7e-m+fp/hard\libc_nano.a(libc_a-findfp.o) (__sread)
C:/ST/STM32CubeIDE_1.16.0/STM32CubeIDE/plugins/com.st.stm32cube.ide.mcu.externaltools.gnu-tools-for-stm32.12.3.rel1.win32_1.0.200.202406191623/tools/bin/../lib/gcc/arm-none-eabi/12.3.1/../../../../arm-none-eabi/lib/thumb/v7e-m+fp/hard\libc_nano.a(libc_a-memset.o)
                              C:/ST/STM32CubeIDE_1.16.0/STM32CubeIDE/plugins/com.st.stm32cube.ide.mcu.externaltools.gnu-tools-for-stm32.12.3.rel1.win32_1.0.200.202406191623/tools/bin/../lib/gcc/arm-none-eabi/12.3.1/../../../../arm-none-eabi/lib/thumb/v7e-m+fp/hard/crt0.o (memset)
C:/ST/STM32CubeIDE_1.16.0/STM32CubeIDE/plugins/com.st.stm32cube.ide.mcu.externaltools.gnu-tools-for-stm32.12.3.rel1.win32_1.0.200.202406191623/tools/bin/../lib/gcc/arm-none-eabi/12.3.1/../../../../arm-none-eabi/lib/thumb/v7e-m+fp/hard\libc_nano.a(libc_a-closer.o)
                              C:/ST/STM32CubeIDE_1.16.0/STM32CubeIDE/plugins/com.st.stm32cube.ide.mcu.externaltools.gnu-tools-for-stm32.12.3.rel1.win32_1.0.200.202406191623/tools/bin/../lib/gcc/arm-none-eabi/12.3.1/../../../../arm-none-eabi/lib/thumb/v7e-m+fp/hard\libc_nano.a(libc_a-stdio.o) (_close_r)
C:/ST/STM32CubeIDE_1.16.0/STM32CubeIDE/plugins/com.st.stm32cube.ide.mcu.externaltools.gnu-tools-for-stm32.12.3.rel1.win32_1.0.200.202406191623/tools/bin/../lib/gcc/arm-none-eabi/12.3.1/../../../../arm-none-eabi/lib/thumb/v7e-m+fp/hard\libc_nano.a(libc_a-reent.o)
                              C:/ST/STM32CubeIDE_1.16.0/STM32CubeIDE/plugins/com.st.stm32cube.ide.mcu.externaltools.gnu-tools-for-stm32.12.3.rel1.win32_1.0.200.202406191623/tools/bin/../lib/gcc/arm-none-eabi/12.3.1/../../../../arm-none-eabi/lib/thumb/v7e-m+fp/hard\libc_nano.a(libc_a-closer.o) (errno)
C:/ST/STM32CubeIDE_1.16.0/STM32CubeIDE/plugins/com.st.stm32cube.ide.mcu.externaltools.gnu-tools-for-stm32.12.3.rel1.win32_1.0.200.202406191623/tools/bin/../lib/gcc/arm-none-eabi/12.3.1/../../../../arm-none-eabi/lib/thumb/v7e-m+fp/hard\libc_nano.a(libc_a-impure.o)
                              C:/ST/STM32CubeIDE_1.16.0/STM32CubeIDE/plugins/com.st.stm32cube.ide.mcu.externaltools.gnu-tools-for-stm32.12.3.rel1.win32_1.0.200.202406191623/tools/bin/../lib/gcc/arm-none-eabi/12.3.1/../../../../arm-none-eabi/lib/thumb/v7e-m+fp/hard\libc_nano.a(libc_a-sprintf.o) (_impure_ptr)
[...]
Memory Configuration

Name             Origin             Length             Attributes
RAM              0x20000000         0x00010000         xrw
FLASH            0x08000000         0x00040000         xr
*default*        0x00000000         0xffffffff

Linker script and memory map

LOAD C:/ST/STM32CubeIDE_1.16.0/STM32CubeIDE/plugins/com.st.stm32cube.ide.mcu.externaltools.gnu-tools-for-stm32.12.3.rel1.win32_1.0.200.202406191623/tools/bin/../lib/gcc/arm-none-eabi/12.3.1/thumb/v7e-m+fp/hard/crti.o
LOAD C:/ST/STM32CubeIDE_1.16.0/STM32CubeIDE/plugins/com.st.stm32cube.ide.mcu.externaltools.gnu-tools-for-stm32.12.3.rel1.win32_1.0.200.202406191623/tools/bin/../lib/gcc/arm-none-eabi/12.3.1/thumb/v7e-m+fp/hard/crtbegin.o
LOAD C:/ST/STM32CubeIDE_1.16.0/STM32CubeIDE/plugins/com.st.stm32cube.ide.mcu.externaltools.gnu-tools-for-stm32.12.3.rel1.win32_1.0.200.202406191623/tools/bin/../lib/gcc/arm-none-eabi/12.3.1/../../../../arm-none-eabi/lib/thumb/v7e-m+fp/hard/crt0.o
LOAD ./Core/Src/fonts.o
LOAD ./Core/Src/main.o
LOAD ./Core/Src/ssd1306.o
LOAD ./Core/Src/stm32f4xx_hal_msp.o
LOAD ./Core/Src/stm32f4xx_hal_timebase_tim.o
LOAD ./Core/Src/stm32f4xx_it.o
LOAD ./Core/Src/syscalls.o
LOAD ./Core/Src/system_stm32f4xx.o
LOAD ./Core/Startup/startup_stm32f401ccux.o
LOAD ./Drivers/STM32F4xx_HAL_Driver/Src/stm32f4xx_hal.o
LOAD ./Drivers/STM32F4xx_HAL_Driver/Src/stm32f4xx_hal_cortex.o
LOAD ./Drivers/STM32F4xx_HAL_Driver/Src/stm32f4xx_hal_dma.o
LOAD ./Drivers/STM32F4xx_HAL_Driver/Src/stm32f4xx_hal_dma_ex.o
LOAD ./Drivers/STM32F4xx_HAL_Driver/Src/stm32f4xx_hal_exti.o
LOAD ./Drivers/STM32F4xx_HAL_Driver/Src/stm32f4xx_hal_flash.o
LOAD ./Drivers/STM32F4xx_HAL_Driver/Src/stm32f4xx_hal_flash_ex.o
LOAD ./Drivers/STM32F4xx_HAL_Driver/Src/stm32f4xx_hal_flash_ramfunc.o
LOAD ./Drivers/STM32F4xx_HAL_Driver/Src/stm32f4xx_hal_gpio.o
LOAD ./Drivers/STM32F4xx_HAL_Driver/Src/stm32f4xx_hal_i2c.o
LOAD ./Drivers/STM32F4xx_HAL_Driver/Src/stm32f4xx_hal_i2c_ex.o
LOAD ./Drivers/STM32F4xx_HAL_Driver/Src/stm32f4xx_hal_pwr.o
LOAD ./Drivers/STM32F4xx_HAL_Driver/Src/stm32f4xx_hal_pwr_ex.o
LOAD ./Drivers/STM32F4xx_HAL_Driver/Src/stm32f4xx_hal_rcc.o
LOAD ./Drivers/STM32F4xx_HAL_Driver/Src/stm32f4xx_hal_rcc_ex.o
LOAD ./Drivers/STM32F4xx_HAL_Driver/Src/stm32f4xx_hal_tim.o
LOAD ./Drivers/STM32F4xx_HAL_Driver/Src/stm32f4xx_hal_tim_ex.o
LOAD ./ThirdParty/FreeRTOS/Source/croutine.o
LOAD ./ThirdParty/FreeRTOS/Source/event_groups.o
LOAD ./ThirdParty/FreeRTOS/Source/list.o
LOAD ./ThirdParty/FreeRTOS/Source/queue.o
LOAD ./ThirdParty/FreeRTOS/Source/stream_buffer.o
LOAD ./ThirdParty/FreeRTOS/Source/tasks.o
LOAD ./ThirdParty/FreeRTOS/Source/timers.o
LOAD ./ThirdParty/FreeRTOS/Source/portable/GCC/ARM_CM4F/port.o
LOAD ./ThirdParty/FreeRTOS/Source/portable/MemMang/heap_4.o
START GROUP
LOAD C:/ST/STM32CubeIDE_1.16.0/STM32CubeIDE/plugins/com.st.stm32cube.ide.mcu.externaltools.gnu-tools-for-stm32.12.3.rel1.win32_1.0.200.202406191623/tools/bin/../lib/gcc/arm-none-eabi/12.3.1/../../../../arm-none-eabi/lib/thumb/v7e-m+fp/hard\libc_nano.a
LOAD C:/ST/STM32CubeIDE_1.16.0/STM32CubeIDE/plugins/com.st.stm32cube.ide.mcu.externaltools.gnu-tools-for-stm32.12.3.rel1.win32_1.0.200.202406191623/tools/bin/../lib/gcc/arm-none-eabi/12.3.1/../../../../arm-none-eabi/lib/thumb/v7e-m+fp/hard\libm.a
END GROUP
START GROUP
LOAD C:/ST/STM32CubeIDE_1.16.0/STM32CubeIDE/plugins/com.st.stm32cube.ide.mcu.externaltools.gnu-tools-for-stm32.12.3.rel1.win32_1.0.200.202406191623/tools/bin/../lib/gcc/arm-none-eabi/12.3.1/thumb/v7e-m+fp/hard\libgcc.a
LOAD C:/ST/STM32CubeIDE_1.16.0/STM32CubeIDE/plugins/com.st.stm32cube.ide.mcu.externaltools.gnu-tools-for-stm32.12.3.rel1.win32_1.0.200.202406191623/tools/bin/../lib/gcc/arm-none-eabi/12.3.1/../../../../arm-none-eabi/lib/thumb/v7e-m+fp/hard\libc_nano.a
END GROUP
START GROUP
LOAD C:/ST/STM32CubeIDE_1.16.0/STM32CubeIDE/plugins/com.st.stm32cube.ide.mcu.externaltools.gnu-tools-for-stm32.12.3.rel1.win32_1.0.200.202406191623/tools/bin/../lib/gcc/arm-none-eabi/12.3.1/thumb/v7e-m+fp/hard\libgcc.a
LOAD C:/ST/STM32CubeIDE_1.16.0/STM32CubeIDE/plugins/com.st.stm32cube.ide.mcu.externaltools.gnu-tools-for-stm32.12.3.rel1.win32_1.0.200.202406191623/tools/bin/../lib/gcc/arm-none-eabi/12.3.1/../../../../arm-none-eabi/lib/thumb/v7e-m+fp/hard\libc_nano.a
LOAD C:/ST/STM32CubeIDE_1.16.0/STM32CubeIDE/plugins/com.st.stm32cube.ide.mcu.externaltools.gnu-tools-for-stm32.12.3.rel1.win32_1.0.200.202406191623/tools/bin/../lib/gcc/arm-none-eabi/12.3.1/../../../../arm-none-eabi/lib/thumb/v7e-m+fp/hard\libnosys.a
END GROUP
START GROUP
LOAD C:/ST/STM32CubeIDE_1.16.0/STM32CubeIDE/plugins/com.st.stm32cube.ide.mcu.externaltools.gnu-tools-for-stm32.12.3.rel1.win32_1.0.200.202406191623/tools/bin/../lib/gcc/arm-none-eabi/12.3.1/thumb/v7e-m+fp/hard\libgcc.a
LOAD C:/ST/STM32CubeIDE_1.16.0/STM32CubeIDE/plugins/com.st.stm32cube.ide.mcu.externaltools.gnu-tools-for-stm32.12.3.rel1.win32_1.0.200.202406191623/tools/bin/../lib/gcc/arm-none-eabi/12.3.1/../../../../arm-none-eabi/lib/thumb/v7e-m+fp/hard\libc_nano.a
LOAD C:/ST/STM32CubeIDE_1.16.0/STM32CubeIDE/plugins/com.st.stm32cube.ide.mcu.externaltools.gnu-tools-for-stm32.12.3.rel1.win32_1.0.200.202406191623/tools/bin/../lib/gcc/arm-none-eabi/12.3.1/../../../../arm-none-eabi/lib/thumb/v7e-m+fp/hard\libnosys.a
END GROUP
LOAD C:/ST/STM32CubeIDE_1.16.0/STM32CubeIDE/plugins/com.st.stm32cube.ide.mcu.externaltools.gnu-tools-for-stm32.12.3.rel1.win32_1.0.200.202406191623/tools/bin/../lib/gcc/arm-none-eabi/12.3.1/thumb/v7e-m+fp/hard/crtend.o
LOAD C:/ST/STM32CubeIDE_1.16.0/STM32CubeIDE/plugins/com.st.stm32cube.ide.mcu.externaltools.gnu-tools-for-stm32.12.3.rel1.win32_1.0.200.202406191623/tools/bin/../lib/gcc/arm-none-eabi/12.3.1/thumb/v7e-m+fp/hard/crtn.o
                0x20010000                        _estack = (ORIGIN (RAM) + LENGTH (RAM))
                0x00000200                        _Min_Heap_Size = 0x200
                0x00000400                        _Min_Stack_Size = 0x400

.isr_vector     0x08000000      0x194
                0x08000000                        . = ALIGN (0x4)
 *(.isr_vector)
 .isr_vector    0x08000000      0x194 ./Core/Startup/startup_stm32f401ccux.o
                0x08000000                g_pfnVectors
                0x08000194                        . = ALIGN (0x4)

.text           0x080001a0     0x6dd4
                0x080001a0                        . = ALIGN (0x4)
 *(.text)
 .text          0x080001a0       0x40 C:/ST/STM32CubeIDE_1.16.0/STM32CubeIDE/plugins/com.st.stm32cube.ide.mcu.externaltools.gnu-tools-for-stm32.12.3.rel1.win32_1.0.200.202406191623/tools/bin/../lib/gcc/arm-none-eabi/12.3.1/thumb/v7e-m+fp/hard/crtbegin.o
 .text          0x080001e0       0xa0 C:/ST/STM32CubeIDE_1.16.0/STM32CubeIDE/plugins/com.st.stm32cube.ide.mcu.externaltools.gnu-tools-for-stm32.12.3.rel1.win32_1.0.200.202406191623/tools/bin/../lib/gcc/arm-none-eabi/12.3.1/../../../../arm-none-eabi/lib/thumb/v7e-m+fp/hard\libc_nano.a(libc_a-memchr.o)
                0x080001e0                memchr
 .text          0x08000280      0x378 C:/ST/STM32CubeIDE_1.16.0/STM32CubeIDE/plugins/com.st.stm32cube.ide.mcu.externaltools.gnu-tools-for-stm32.12.3.rel1.win32_1.0.200.202406191623/tools/bin/../lib/gcc/arm-none-eabi/12.3.1/thumb/v7e-m+fp/hard\libgcc.a(_arm_addsubdf3.o)
                0x08000280                __aeabi_drsub
                0x08000288                __aeabi_dsub
                0x08000288                __subdf3
                0x0800028c                __aeabi_dadd
                0x0800028c                __adddf3
                0x08000504                __floatunsidf
                0x08000504                __aeabi_ui2d
                0x08000524                __floatsidf
                0x08000524                __aeabi_i2d
                0x08000548                __aeabi_f2d
                0x08000548                __extendsfdf2
                0x0800058c                __floatundidf
                0x0800058c                __aeabi_ul2d
                0x0800059c                __floatdidf
                0x0800059c                __aeabi_l2d
 .text          0x080005f8      0x424 C:/ST/STM32CubeIDE_1.16.0/STM32CubeIDE/plugins/com.st.stm32cube.ide.mcu.externaltools.gnu-tools-for-stm32.12.3.rel1.win32_1.0.200.202406191623/tools/bin/../lib/gcc/arm-none-eabi/12.3.1/thumb/v7e-m+fp/hard\libgcc.a(_arm_muldivdf3.o)
                0x080005f8                __aeabi_dmul
                0x080005f8                __muldf3
                0x0800084c                __divdf3
                0x0800084c                __aeabi_ddiv
 .text          0x08000a1c       0x40 C:/ST/STM32CubeIDE_1.16.0/STM32CubeIDE/plugins/com.st.stm32cube.ide.mcu.externaltools.gnu-tools-for-stm32.12.3.rel1.win32_1.0.200.202406191623/tools/bin/../lib/gcc/arm-none-eabi/12.3.1/thumb/v7e-m+fp/hard\libgcc.a(_arm_fixunsdfsi.o)
                0x08000a1c                __aeabi_d2uiz
                0x08000a1c                __fixunsdfsi
 .text          0x08000a5c       0x30 C:/ST/STM32CubeIDE_1.16.0/STM32CubeIDE/plugins/com.st.stm32cube.ide.mcu.externaltools.gnu-tools-for-stm32.12.3.rel1.win32_1.0.200.202406191623/tools/bin/../lib/gcc/arm-none-eabi/12.3.1/thumb/v7e-m+fp/hard\libgcc.a(_aeabi_uldivmod.o)
                0x08000a5c                __aeabi_uldivmod
 .text          0x08000a8c      0x2bc C:/ST/STM32CubeIDE_1.16.0/STM32CubeIDE/plugins/com.st.stm32cube.ide.mcu.externaltools.gnu-tools-for-stm32.12.3.rel1.win32_1.0.200.202406191623/tools/bin/../lib/gcc/arm-none-eabi/12.3.1/thumb/v7e-m+fp/hard\libgcc.a(_udivmoddi4.o)
                0x08000a8c                __udivmoddi4
 .text          0x08000d48        0x4 C:/ST/STM32CubeIDE_1.16.0/STM32CubeIDE/plugins/com.st.stm32cube.ide.mcu.externaltools.gnu-tools-for-stm32.12.3.rel1.win32_1.0.200.202406191623/tools/bin/../lib/gcc/arm-none-eabi/12.3.1/thumb/v7e-m+fp/hard\libgcc.a(_dvmd_tls.o)
                0x08000d48                __aeabi_idiv0
                0x08000d48                __aeabi_ldiv0
 *(.text*)
 .text.main     0x08000d4c       0xdc ./Core/Src/main.o
                0x08000d4c                main
 .text.SystemClock_Config
                0x08000e28       0xd4 ./Core/Src/main.o
                0x08000e28                SystemClock_Config
 .text.MX_I2C1_Init
                0x08000efc       0x5c ./Core/Src/main.o
 .text.MX_TIM1_Init
                0x08000f58       0xa0 ./Core/Src/main.o
 .text.MX_GPIO_Init
                0x08000ff8      0x124 ./Core/Src/main.o
 *fill*         0x0800111c        0x4 
 .text.task1_handler
                0x08001120      0x11c ./Core/Src/main.o
 .text.task2_handler
                0x0800123c       0x74 ./Core/Src/main.o
 .text.HAL_TIM_PeriodElapsedCallback
                0x080012b0       0x1e ./Core/Src/main.o
                0x080012b0                HAL_TIM_PeriodElapsedCallback
 .text.Error_Handler
                0x080012ce        0xc ./Core/Src/main.o
                0x080012ce                Error_Handler
 *fill*         0x080012da        0x2 
 .text.SSD1306_Init
                0x080012dc      0x188 ./Core/Src/ssd1306.o
                0x080012dc                SSD1306_Init
 .text.SSD1306_UpdateScreen
                0x08001464       0x5c ./Core/Src/ssd1306.o
                0x08001464                SSD1306_UpdateScreen
 .text.SSD1306_Fill
                0x080014c0       0x30 ./Core/Src/ssd1306.o
                0x080014c0                SSD1306_Fill
 .text.SSD1306_DrawPixel
                0x080014f0       0xc0 ./Core/Src/ssd1306.o
                0x080014f0                SSD1306_DrawPixel
 .text.SSD1306_GotoXY
                0x080015b0       0x2c ./Core/Src/ssd1306.o
                0x080015b0                SSD1306_GotoXY
 .text.SSD1306_Putc
                0x080015dc       0xfc ./Core/Src/ssd1306.o
                0x080015dc                SSD1306_Putc
 .text.SSD1306_Puts
                0x080016d8       0x4a ./Core/Src/ssd1306.o
                0x080016d8                SSD1306_Puts
 *fill*         0x08001722        0x2 
 .text.ssd1306_I2C_Init
                0x08001724       0x2c ./Core/Src/ssd1306.o
                0x08001724                ssd1306_I2C_Init
 .text.ssd1306_I2C_WriteMulti
                0x08001750       0xcc ./Core/Src/ssd1306.o
                0x08001750                ssd1306_I2C_WriteMulti
 .text.ssd1306_I2C_Write
                0x0800181c       0x3c ./Core/Src/ssd1306.o
                0x0800181c                ssd1306_I2C_Write
 .text.HAL_MspInit
                0x08001858       0x50 ./Core/Src/stm32f4xx_hal_msp.o
                0x08001858                HAL_MspInit
 .text.HAL_I2C_MspInit
                0x080018a8       0x90 ./Core/Src/stm32f4xx_hal_msp.o
                0x080018a8                HAL_I2C_MspInit
 .text.HAL_TIM_Base_MspInit
                0x08001938       0x44 ./Core/Src/stm32f4xx_hal_msp.o
                0x08001938                HAL_TIM_Base_MspInit
 .text.HAL_InitTick
                0x0800197c       0xf8 ./Core/Src/stm32f4xx_hal_timebase_tim.o
                0x0800197c                HAL_InitTick
 .text.NMI_Handler
                0x08001a74        0x8 ./Core/Src/stm32f4xx_it.o
                0x08001a74                NMI_Handler
 .text.HardFault_Handler
                0x08001a7c        0x8 ./Core/Src/stm32f4xx_it.o
                0x08001a7c                HardFault_Handler
 .text.MemManage_Handler
                0x08001a84        0x8 ./Core/Src/stm32f4xx_it.o
                0x08001a84                MemManage_Handler
 .text.BusFault_Handler
                0x08001a8c        0x8 ./Core/Src/stm32f4xx_it.o
                0x08001a8c                BusFault_Handler
 .text.UsageFault_Handler
                0x08001a94        0x8 ./Core/Src/stm32f4xx_it.o
                0x08001a94                UsageFault_Handler
 .text.DebugMon_Handler
                0x08001a9c        0xe ./Core/Src/stm32f4xx_it.o
                0x08001a9c                DebugMon_Handler
 *fill*         0x08001aaa        0x2 
 .text.TIM2_IRQHandler
                0x08001aac       0x14 ./Core/Src/stm32f4xx_it.o
                0x08001aac                TIM2_IRQHandler
 .text.SystemInit
                0x08001ac0       0x24 ./Core/Src/system_stm32f4xx.o
                0x08001ac0                SystemInit
 .text.Reset_Handler
                0x08001ae4       0x50 ./Core/Startup/startup_stm32f401ccux.o
                0x08001ae4                Reset_Handler
 .text.Default_Handler
                0x08001b34        0x2 ./Core/Startup/startup_stm32f401ccux.o
                0x08001b34                RTC_Alarm_IRQHandler
                0x08001b34                EXTI2_IRQHandler
                0x08001b34                SPI4_IRQHandler
                0x08001b34                TIM1_CC_IRQHandler
                0x08001b34                DMA2_Stream5_IRQHandler
                0x08001b34                DMA1_Stream5_IRQHandler
                0x08001b34                PVD_IRQHandler
                0x08001b34                SDIO_IRQHandler
                0x08001b34                TAMP_STAMP_IRQHandler
                0x08001b34                EXTI3_IRQHandler
                0x08001b34                TIM1_UP_TIM10_IRQHandler
                0x08001b34                I2C3_ER_IRQHandler
                0x08001b34                EXTI0_IRQHandler
                0x08001b34                I2C2_EV_IRQHandler
                0x08001b34                DMA1_Stream2_IRQHandler
                0x08001b34                FPU_IRQHandler
                0x08001b34                DMA2_Stream2_IRQHandler
                0x08001b34                SPI1_IRQHandler
                0x08001b34                TIM1_BRK_TIM9_IRQHandler
                0x08001b34                DMA2_Stream3_IRQHandler
                0x08001b34                USART6_IRQHandler
                0x08001b34                DMA2_Stream0_IRQHandler
                0x08001b34                TIM4_IRQHandler
                0x08001b34                I2C1_EV_IRQHandler
                0x08001b34                DMA1_Stream6_IRQHandler
                0x08001b34                DMA1_Stream1_IRQHandler
                0x08001b34                TIM3_IRQHandler
                0x08001b34                RCC_IRQHandler
                0x08001b34                Default_Handler
                0x08001b34                EXTI15_10_IRQHandler
                0x08001b34                ADC_IRQHandler
                0x08001b34                DMA1_Stream7_IRQHandler
                0x08001b34                TIM5_IRQHandler
                0x08001b34                DMA2_Stream7_IRQHandler
                0x08001b34                I2C3_EV_IRQHandler
                0x08001b34                EXTI9_5_IRQHandler
                0x08001b34                RTC_WKUP_IRQHandler
                0x08001b34                SPI2_IRQHandler
                0x08001b34                DMA1_Stream0_IRQHandler
                0x08001b34                EXTI4_IRQHandler
                0x08001b34                WWDG_IRQHandler
                0x08001b34                OTG_FS_WKUP_IRQHandler
                0x08001b34                TIM1_TRG_COM_TIM11_IRQHandler
                0x08001b34                EXTI1_IRQHandler
                0x08001b34                USART2_IRQHandler
                0x08001b34                I2C2_ER_IRQHandler
                0x08001b34                DMA2_Stream1_IRQHandler
                0x08001b34                FLASH_IRQHandler
                0x08001b34                DMA2_Stream4_IRQHandler
                0x08001b34                USART1_IRQHandler
                0x08001b34                OTG_FS_IRQHandler
                0x08001b34                SPI3_IRQHandler
                0x08001b34                DMA1_Stream4_IRQHandler
                0x08001b34                I2C1_ER_IRQHandler
                0x08001b34                DMA2_Stream6_IRQHandler
                0x08001b34                DMA1_Stream3_IRQHandler
 *fill*         0x08001b36        0x2 
 .text.HAL_Init
                0x08001b38       0x44 ./Drivers/STM32F4xx_HAL_Driver/Src/stm32f4xx_hal.o
                0x08001b38                HAL_Init
 .text.HAL_IncTick
                0x08001b7c       0x28 ./Drivers/STM32F4xx_HAL_Driver/Src/stm32f4xx_hal.o
                0x08001b7c                HAL_IncTick
 .text.HAL_GetTick
                0x08001ba4       0x18 ./Drivers/STM32F4xx_HAL_Driver/Src/stm32f4xx_hal.o
                0x08001ba4                HAL_GetTick
 .text.HAL_Delay
                0x08001bbc       0x48 ./Drivers/STM32F4xx_HAL_Driver/Src/stm32f4xx_hal.o
                0x08001bbc                HAL_Delay
 .text.__NVIC_SetPriorityGrouping
                0x08001c04       0x48 ./Drivers/STM32F4xx_HAL_Driver/Src/stm32f4xx_hal_cortex.o
 .text.__NVIC_GetPriorityGrouping
                0x08001c4c       0x1c ./Drivers/STM32F4xx_HAL_Driver/Src/stm32f4xx_hal_cortex.o
 .text.__NVIC_EnableIRQ
                0x08001c68       0x3c ./Drivers/STM32F4xx_HAL_Driver/Src/stm32f4xx_hal_cortex.o
 .text.__NVIC_SetPriority
                0x08001ca4       0x54 ./Drivers/STM32F4xx_HAL_Driver/Src/stm32f4xx_hal_cortex.o
 .text.NVIC_EncodePriority
                0x08001cf8       0x66 ./Drivers/STM32F4xx_HAL_Driver/Src/stm32f4xx_hal_cortex.o
 .text.HAL_NVIC_SetPriorityGrouping
                0x08001d5e       0x16 ./Drivers/STM32F4xx_HAL_Driver/Src/stm32f4xx_hal_cortex.o
                0x08001d5e                HAL_NVIC_SetPriorityGrouping
 .text.HAL_NVIC_SetPriority
                0x08001d74       0x38 ./Drivers/STM32F4xx_HAL_Driver/Src/stm32f4xx_hal_cortex.o
                0x08001d74                HAL_NVIC_SetPriority
 .text.HAL_NVIC_EnableIRQ
                0x08001dac       0x1c ./Drivers/STM32F4xx_HAL_Driver/Src/stm32f4xx_hal_cortex.o
                0x08001dac                HAL_NVIC_EnableIRQ
 .text.HAL_GPIO_Init
                0x08001dc8      0x308 ./Drivers/STM32F4xx_HAL_Driver/Src/stm32f4xx_hal_gpio.o
                0x08001dc8                HAL_GPIO_Init
 .text.HAL_GPIO_ReadPin
                0x080020d0       0x30 ./Drivers/STM32F4xx_HAL_Driver/Src/stm32f4xx_hal_gpio.o
                0x080020d0                HAL_GPIO_ReadPin
 .text.HAL_GPIO_WritePin
                0x08002100       0x32 ./Drivers/STM32F4xx_HAL_Driver/Src/stm32f4xx_hal_gpio.o
                0x08002100                HAL_GPIO_WritePin
 *fill*         0x08002132        0x2 
 .text.HAL_I2C_Init
                0x08002134      0x288 ./Drivers/STM32F4xx_HAL_Driver/Src/stm32f4xx_hal_i2c.o
                0x08002134                HAL_I2C_Init
 .text.HAL_I2C_Master_Transmit
                0x080023bc      0x1fc ./Drivers/STM32F4xx_HAL_Driver/Src/stm32f4xx_hal_i2c.o
                0x080023bc                HAL_I2C_Master_Transmit
 .text.HAL_I2C_IsDeviceReady
                0x080025b8      0x25c ./Drivers/STM32F4xx_HAL_Driver/Src/stm32f4xx_hal_i2c.o
                0x080025b8                HAL_I2C_IsDeviceReady
 .text.I2C_MasterRequestWrite
                0x08002814      0x104 ./Drivers/STM32F4xx_HAL_Driver/Src/stm32f4xx_hal_i2c.o
 .text.I2C_WaitOnFlagUntilTimeout
                0x08002918       0xf4 ./Drivers/STM32F4xx_HAL_Driver/Src/stm32f4xx_hal_i2c.o
 .text.I2C_WaitOnMasterAddressFlagUntilTimeout
                0x08002a0c      0x140 ./Drivers/STM32F4xx_HAL_Driver/Src/stm32f4xx_hal_i2c.o
 .text.I2C_WaitOnTXEFlagUntilTimeout
                0x08002b4c       0x90 ./Drivers/STM32F4xx_HAL_Driver/Src/stm32f4xx_hal_i2c.o
 .text.I2C_WaitOnBTFFlagUntilTimeout
                0x08002bdc       0x90 ./Drivers/STM32F4xx_HAL_Driver/Src/stm32f4xx_hal_i2c.o
 .text.I2C_IsAcknowledgeFailed
                0x08002c6c       0x5e ./Drivers/STM32F4xx_HAL_Driver/Src/stm32f4xx_hal_i2c.o
 *fill*         0x08002cca        0x2 
 .text.HAL_RCC_OscConfig
                0x08002ccc      0x4f0 ./Drivers/STM32F4xx_HAL_Driver/Src/stm32f4xx_hal_rcc.o
                0x08002ccc                HAL_RCC_OscConfig
 .text.HAL_RCC_ClockConfig
                0x080031bc      0x1cc ./Drivers/STM32F4xx_HAL_Driver/Src/stm32f4xx_hal_rcc.o
                0x080031bc                HAL_RCC_ClockConfig
 .text.HAL_RCC_GetSysClockFreq
                0x08003388      0x18c ./Drivers/STM32F4xx_HAL_Driver/Src/stm32f4xx_hal_rcc.o
                0x08003388                HAL_RCC_GetSysClockFreq
 .text.HAL_RCC_GetHCLKFreq
                0x08003514       0x18 ./Drivers/STM32F4xx_HAL_Driver/Src/stm32f4xx_hal_rcc.o
                0x08003514                HAL_RCC_GetHCLKFreq
 .text.HAL_RCC_GetPCLK1Freq
                0x0800352c       0x28 ./Drivers/STM32F4xx_HAL_Driver/Src/stm32f4xx_hal_rcc.o
                0x0800352c                HAL_RCC_GetPCLK1Freq
 .text.HAL_RCC_GetClockConfig
                0x08003554       0x64 ./Drivers/STM32F4xx_HAL_Driver/Src/stm32f4xx_hal_rcc.o
                0x08003554                HAL_RCC_GetClockConfig
 .text.HAL_TIM_Base_Init
                0x080035b8       0x9e ./Drivers/STM32F4xx_HAL_Driver/Src/stm32f4xx_hal_tim.o
                0x080035b8                HAL_TIM_Base_Init
 *fill*         0x08003656        0x2 
 .text.HAL_TIM_Base_Start
                0x08003658       0xb4 ./Drivers/STM32F4xx_HAL_Driver/Src/stm32f4xx_hal_tim.o
                0x08003658                HAL_TIM_Base_Start
 .text.HAL_TIM_Base_Start_IT
                0x0800370c       0xc4 ./Drivers/STM32F4xx_HAL_Driver/Src/stm32f4xx_hal_tim.o
                0x0800370c                HAL_TIM_Base_Start_IT
 .text.HAL_TIM_IRQHandler
                0x080037d0      0x1e0 ./Drivers/STM32F4xx_HAL_Driver/Src/stm32f4xx_hal_tim.o
                0x080037d0                HAL_TIM_IRQHandler
 .text.HAL_TIM_ConfigClockSource
                0x080039b0      0x18e ./Drivers/STM32F4xx_HAL_Driver/Src/stm32f4xx_hal_tim.o
                0x080039b0                HAL_TIM_ConfigClockSource
 .text.HAL_TIM_OC_DelayElapsedCallback
                0x08003b3e       0x14 ./Drivers/STM32F4xx_HAL_Driver/Src/stm32f4xx_hal_tim.o
                0x08003b3e                HAL_TIM_OC_DelayElapsedCallback
 .text.HAL_TIM_IC_CaptureCallback
                0x08003b52       0x14 ./Drivers/STM32F4xx_HAL_Driver/Src/stm32f4xx_hal_tim.o
                0x08003b52                HAL_TIM_IC_CaptureCallback
 .text.HAL_TIM_PWM_PulseFinishedCallback
                0x08003b66       0x14 ./Drivers/STM32F4xx_HAL_Driver/Src/stm32f4xx_hal_tim.o
                0x08003b66                HAL_TIM_PWM_PulseFinishedCallback
 .text.HAL_TIM_TriggerCallback
                0x08003b7a       0x14 ./Drivers/STM32F4xx_HAL_Driver/Src/stm32f4xx_hal_tim.o
                0x08003b7a                HAL_TIM_TriggerCallback
 *fill*         0x08003b8e        0x2 
 .text.TIM_Base_SetConfig
                0x08003b90      0x118 ./Drivers/STM32F4xx_HAL_Driver/Src/stm32f4xx_hal_tim.o
                0x08003b90                TIM_Base_SetConfig
 .text.TIM_TI1_ConfigInputStage
                0x08003ca8       0x5e ./Drivers/STM32F4xx_HAL_Driver/Src/stm32f4xx_hal_tim.o
 .text.TIM_TI2_ConfigInputStage
                0x08003d06       0x60 ./Drivers/STM32F4xx_HAL_Driver/Src/stm32f4xx_hal_tim.o
 .text.TIM_ITRx_SetConfig
                0x08003d66       0x36 ./Drivers/STM32F4xx_HAL_Driver/Src/stm32f4xx_hal_tim.o
 .text.TIM_ETR_SetConfig
                0x08003d9c       0x40 ./Drivers/STM32F4xx_HAL_Driver/Src/stm32f4xx_hal_tim.o
                0x08003d9c                TIM_ETR_SetConfig
 .text.HAL_TIMEx_MasterConfigSynchronization
                0x08003ddc       0xdc ./Drivers/STM32F4xx_HAL_Driver/Src/stm32f4xx_hal_tim_ex.o
                0x08003ddc                HAL_TIMEx_MasterConfigSynchronization
 .text.HAL_TIMEx_CommutCallback
                0x08003eb8       0x14 ./Drivers/STM32F4xx_HAL_Driver/Src/stm32f4xx_hal_tim_ex.o
                0x08003eb8                HAL_TIMEx_CommutCallback
 .text.HAL_TIMEx_BreakCallback
                0x08003ecc       0x14 ./Drivers/STM32F4xx_HAL_Driver/Src/stm32f4xx_hal_tim_ex.o
                0x08003ecc                HAL_TIMEx_BreakCallback
 .text.vListInitialise
                0x08003ee0       0x40 ./ThirdParty/FreeRTOS/Source/list.o
                0x08003ee0                vListInitialise
 .text.vListInitialiseItem
                0x08003f20       0x1a ./ThirdParty/FreeRTOS/Source/list.o
                0x08003f20                vListInitialiseItem
 .text.vListInsert
                0x08003f3a       0x72 ./ThirdParty/FreeRTOS/Source/list.o
                0x08003f3a                vListInsert
 .text.uxListRemove
                0x08003fac       0x54 ./ThirdParty/FreeRTOS/Source/list.o
                0x08003fac                uxListRemove
 .text.xQueueGenericReset
                0x08004000      0x124 ./ThirdParty/FreeRTOS/Source/queue.o
                0x08004000                xQueueGenericReset
 .text.xQueueGenericCreate
                0x08004124       0x9e ./ThirdParty/FreeRTOS/Source/queue.o
                0x08004124                xQueueGenericCreate
 .text.prvInitialiseNewQueue
                0x080041c2       0x46 ./ThirdParty/FreeRTOS/Source/queue.o
 .text.xQueueGenericSend
                0x08004208      0x204 ./ThirdParty/FreeRTOS/Source/queue.o
                0x08004208                xQueueGenericSend
 .text.xQueueReceive
                0x0800440c      0x1c4 ./ThirdParty/FreeRTOS/Source/queue.o
                0x0800440c                xQueueReceive
 .text.prvCopyDataToQueue
                0x080045d0       0xd4 ./ThirdParty/FreeRTOS/Source/queue.o
 .text.prvCopyDataFromQueue
                0x080046a4       0x4c ./ThirdParty/FreeRTOS/Source/queue.o
 .text.prvUnlockQueue
                0x080046f0       0xa4 ./ThirdParty/FreeRTOS/Source/queue.o
 .text.prvIsQueueEmpty
                0x08004794       0x2c ./ThirdParty/FreeRTOS/Source/queue.o
 .text.prvIsQueueFull
                0x080047c0       0x30 ./ThirdParty/FreeRTOS/Source/queue.o
 .text.vQueueAddToRegistry
                0x080047f0       0xa0 ./ThirdParty/FreeRTOS/Source/queue.o
                0x080047f0                vQueueAddToRegistry
 .text.vQueueWaitForMessageRestricted
                0x08004890       0x68 ./ThirdParty/FreeRTOS/Source/queue.o
                0x08004890                vQueueWaitForMessageRestricted
 .text.xTaskCreate
                0x080048f8       0x8c ./ThirdParty/FreeRTOS/Source/tasks.o
                0x080048f8                xTaskCreate
 .text.prvInitialiseNewTask
                0x08004984      0x120 ./ThirdParty/FreeRTOS/Source/tasks.o
 .text.prvAddNewTaskToReadyList
                0x08004aa4      0x12c ./ThirdParty/FreeRTOS/Source/tasks.o
 .text.vTaskStartScheduler
                0x08004bd0       0xa4 ./ThirdParty/FreeRTOS/Source/tasks.o
                0x08004bd0                vTaskStartScheduler
 .text.vTaskSuspendAll
                0x08004c74       0x1c ./ThirdParty/FreeRTOS/Source/tasks.o
                0x08004c74                vTaskSuspendAll
 .text.xTaskResumeAll
                0x08004c90      0x1f8 ./ThirdParty/FreeRTOS/Source/tasks.o
                0x08004c90                xTaskResumeAll
 .text.xTaskGetTickCount
                0x08004e88       0x20 ./ThirdParty/FreeRTOS/Source/tasks.o
                0x08004e88                xTaskGetTickCount
 .text.xTaskIncrementTick
                0x08004ea8      0x230 ./ThirdParty/FreeRTOS/Source/tasks.o
                0x08004ea8                xTaskIncrementTick
 .text.vTaskSwitchContext
                0x080050d8       0xb8 ./ThirdParty/FreeRTOS/Source/tasks.o
                0x080050d8                vTaskSwitchContext
 .text.vTaskPlaceOnEventList
                0x08005190       0x4c ./ThirdParty/FreeRTOS/Source/tasks.o
                0x08005190                vTaskPlaceOnEventList
 .text.vTaskPlaceOnEventListRestricted
                0x080051dc       0x8c ./ThirdParty/FreeRTOS/Source/tasks.o
                0x080051dc                vTaskPlaceOnEventListRestricted
 .text.xTaskRemoveFromEventList
                0x08005268      0x1b0 ./ThirdParty/FreeRTOS/Source/tasks.o
                0x08005268                xTaskRemoveFromEventList
 .text.vTaskInternalSetTimeOutState
                0x08005418       0x2c ./ThirdParty/FreeRTOS/Source/tasks.o
                0x08005418                vTaskInternalSetTimeOutState
 .text.xTaskCheckForTimeOut
                0x08005444       0xd0 ./ThirdParty/FreeRTOS/Source/tasks.o
                0x08005444                xTaskCheckForTimeOut
 .text.vTaskMissedYield
                0x08005514       0x18 ./ThirdParty/FreeRTOS/Source/tasks.o
                0x08005514                vTaskMissedYield
 .text.prvIdleTask
                0x0800552c       0x30 ./ThirdParty/FreeRTOS/Source/tasks.o
 .text.prvInitialiseTaskLists
                0x0800555c       0x80 ./ThirdParty/FreeRTOS/Source/tasks.o
 .text.prvCheckTasksWaitingTermination
                0x080055dc       0x5c ./ThirdParty/FreeRTOS/Source/tasks.o
 .text.prvDeleteTCB
                0x08005638       0x20 ./ThirdParty/FreeRTOS/Source/tasks.o
 .text.prvResetNextTaskUnblockTime
                0x08005658       0x38 ./ThirdParty/FreeRTOS/Source/tasks.o
 .text.xTaskGetSchedulerState
                0x08005690       0x3c ./ThirdParty/FreeRTOS/Source/tasks.o
                0x08005690                xTaskGetSchedulerState
 .text.xTaskPriorityDisinherit
                0x080056cc      0x14c ./ThirdParty/FreeRTOS/Source/tasks.o
                0x080056cc                xTaskPriorityDisinherit
 .text.prvAddCurrentTaskToDelayedList
                0x08005818      0x100 ./ThirdParty/FreeRTOS/Source/tasks.o
 .text.xTimerCreateTimerTask
                0x08005918       0x68 ./ThirdParty/FreeRTOS/Source/timers.o
                0x08005918                xTimerCreateTimerTask
 .text.prvReloadTimer
                0x08005980       0x42 ./ThirdParty/FreeRTOS/Source/timers.o
 *fill*         0x080059c2        0x2 
 .text.prvProcessExpiredTimer
                0x080059c4       0x60 ./ThirdParty/FreeRTOS/Source/timers.o
 .text.prvTimerTask
                0x08005a24       0x26 ./ThirdParty/FreeRTOS/Source/timers.o
 *fill*         0x08005a4a        0x2 
 .text.prvProcessTimerOrBlockTask
                0x08005a4c       0x9c ./ThirdParty/FreeRTOS/Source/timers.o
 .text.prvGetNextExpireTime
                0x08005ae8       0x48 ./ThirdParty/FreeRTOS/Source/timers.o
 .text.prvSampleTimeNow
                0x08005b30       0x40 ./ThirdParty/FreeRTOS/Source/timers.o
 .text.prvInsertTimerInActiveList
                0x08005b70       0x84 ./ThirdParty/FreeRTOS/Source/timers.o
 .text.prvProcessReceivedCommands
                0x08005bf4      0x184 ./ThirdParty/FreeRTOS/Source/timers.o
 .text.prvSwitchTimerLists
                0x08005d78       0x4c ./ThirdParty/FreeRTOS/Source/timers.o
 .text.prvCheckForValidListAndQueue
                0x08005dc4       0x6c ./ThirdParty/FreeRTOS/Source/timers.o
 .text.pxPortInitialiseStack
                0x08005e30       0x68 ./ThirdParty/FreeRTOS/Source/portable/GCC/ARM_CM4F/port.o
                0x08005e30                pxPortInitialiseStack
 .text.prvTaskExitError
                0x08005e98       0x5c ./ThirdParty/FreeRTOS/Source/portable/GCC/ARM_CM4F/port.o
 *fill*         0x08005ef4        0xc 
 .text.SVC_Handler
                0x08005f00       0x28 ./ThirdParty/FreeRTOS/Source/portable/GCC/ARM_CM4F/port.o
                0x08005f00                SVC_Handler
 .text.prvPortStartFirstTask
                0x08005f28       0x2c ./ThirdParty/FreeRTOS/Source/portable/GCC/ARM_CM4F/port.o
 .text.xPortStartScheduler
                0x08005f54      0x148 ./ThirdParty/FreeRTOS/Source/portable/GCC/ARM_CM4F/port.o
                0x08005f54                xPortStartScheduler
 .text.vPortEnterCritical
                0x0800609c       0x64 ./ThirdParty/FreeRTOS/Source/portable/GCC/ARM_CM4F/port.o
                0x0800609c                vPortEnterCritical
 .text.vPortExitCritical
                0x08006100       0x54 ./ThirdParty/FreeRTOS/Source/portable/GCC/ARM_CM4F/port.o
                0x08006100                vPortExitCritical
 *fill*         0x08006154        0xc 
 .text.PendSV_Handler
                0x08006160       0x68 ./ThirdParty/FreeRTOS/Source/portable/GCC/ARM_CM4F/port.o
                0x08006160                PendSV_Handler
 .text.SysTick_Handler
                0x080061c8       0x44 ./ThirdParty/FreeRTOS/Source/portable/GCC/ARM_CM4F/port.o
                0x080061c8                SysTick_Handler
 .text.vPortSetupTimerInterrupt
                0x0800620c       0x48 ./ThirdParty/FreeRTOS/Source/portable/GCC/ARM_CM4F/port.o
                0x0800620c                vPortSetupTimerInterrupt
 .text.vPortEnableVFP
                0x08006254       0x18 ./ThirdParty/FreeRTOS/Source/portable/GCC/ARM_CM4F/port.o
 .text.pvPortMalloc
                0x0800626c      0x178 ./ThirdParty/FreeRTOS/Source/portable/MemMang/heap_4.o
                0x0800626c                pvPortMalloc
 .text.vPortFree
                0x080063e4       0xbc ./ThirdParty/FreeRTOS/Source/portable/MemMang/heap_4.o
                0x080063e4                vPortFree
 .text.prvHeapInit
                0x080064a0       0xb8 ./ThirdParty/FreeRTOS/Source/portable/MemMang/heap_4.o
 .text.prvInsertBlockIntoFreeList
                0x08006558       0xb4 ./ThirdParty/FreeRTOS/Source/portable/MemMang/heap_4.o
 .text.sprintf  0x0800660c       0x40 C:/ST/STM32CubeIDE_1.16.0/STM32CubeIDE/plugins/com.st.stm32cube.ide.mcu.externaltools.gnu-tools-for-stm32.12.3.rel1.win32_1.0.200.202406191623/tools/bin/../lib/gcc/arm-none-eabi/12.3.1/../../../../arm-none-eabi/lib/thumb/v7e-m+fp/hard\libc_nano.a(libc_a-sprintf.o)
                0x0800660c                siprintf
                0x0800660c                sprintf
 .text.memset   0x0800664c       0x10 C:/ST/STM32CubeIDE_1.16.0/STM32CubeIDE/plugins/com.st.stm32cube.ide.mcu.externaltools.gnu-tools-for-stm32.12.3.rel1.win32_1.0.200.202406191623/tools/bin/../lib/gcc/arm-none-eabi/12.3.1/../../../../arm-none-eabi/lib/thumb/v7e-m+fp/hard\libc_nano.a(libc_a-memset.o)
                0x0800664c                memset
 .text.__libc_init_array
                0x0800665c       0x48 C:/ST/STM32CubeIDE_1.16.0/STM32CubeIDE/plugins/com.st.stm32cube.ide.mcu.externaltools.gnu-tools-for-stm32.12.3.rel1.win32_1.0.200.202406191623/tools/bin/../lib/gcc/arm-none-eabi/12.3.1/../../../../arm-none-eabi/lib/thumb/v7e-m+fp/hard\libc_nano.a(libc_a-init.o)
                0x0800665c                __libc_init_array
 .text.__retarget_lock_acquire_recursive
                0x080066a4        0x2 C:/ST/STM32CubeIDE_1.16.0/STM32CubeIDE/plugins/com.st.stm32cube.ide.mcu.externaltools.gnu-tools-for-stm32.12.3.rel1.win32_1.0.200.202406191623/tools/bin/../lib/gcc/arm-none-eabi/12.3.1/../../../../arm-none-eabi/lib/thumb/v7e-m+fp/hard\libc_nano.a(libc_a-lock.o)
                0x080066a4                __retarget_lock_acquire_recursive
 .text.__retarget_lock_release_recursive
                0x080066a6        0x2 C:/ST/STM32CubeIDE_1.16.0/STM32CubeIDE/plugins/com.st.stm32cube.ide.mcu.externaltools.gnu-tools-for-stm32.12.3.rel1.win32_1.0.200.202406191623/tools/bin/../lib/gcc/arm-none-eabi/12.3.1/../../../../arm-none-eabi/lib/thumb/v7e-m+fp/hard\libc_nano.a(libc_a-lock.o)
                0x080066a6                __retarget_lock_release_recursive
 .text.memcpy   0x080066a8       0x1c C:/ST/STM32CubeIDE_1.16.0/STM32CubeIDE/plugins/com.st.stm32cube.ide.mcu.externaltools.gnu-tools-for-stm32.12.3.rel1.win32_1.0.200.202406191623/tools/bin/../lib/gcc/arm-none-eabi/12.3.1/../../../../arm-none-eabi/lib/thumb/v7e-m+fp/hard\libc_nano.a(libc_a-memcpy-stub.o)
                0x080066a8                memcpy
 .text._free_r  0x080066c4       0x94 C:/ST/STM32CubeIDE_1.16.0/STM32CubeIDE/plugins/com.st.stm32cube.ide.mcu.externaltools.gnu-tools-for-stm32.12.3.rel1.win32_1.0.200.202406191623/tools/bin/../lib/gcc/arm-none-eabi/12.3.1/../../../../arm-none-eabi/lib/thumb/v7e-m+fp/hard\libc_nano.a(libc_a-freer.o)
                0x080066c4                _free_r
 .text.sbrk_aligned
                0x08006758       0x44 C:/ST/STM32CubeIDE_1.16.0/STM32CubeIDE/plugins/com.st.stm32cube.ide.mcu.externaltools.gnu-tools-for-stm32.12.3.rel1.win32_1.0.200.202406191623/tools/bin/../lib/gcc/arm-none-eabi/12.3.1/../../../../arm-none-eabi/lib/thumb/v7e-m+fp/hard\libc_nano.a(libc_a-mallocr.o)
 .text._malloc_r
                0x0800679c      0x100 C:/ST/STM32CubeIDE_1.16.0/STM32CubeIDE/plugins/com.st.stm32cube.ide.mcu.externaltools.gnu-tools-for-stm32.12.3.rel1.win32_1.0.200.202406191623/tools/bin/../lib/gcc/arm-none-eabi/12.3.1/../../../../arm-none-eabi/lib/thumb/v7e-m+fp/hard\libc_nano.a(libc_a-mallocr.o)
                0x0800679c                _malloc_r
 .text.__malloc_lock
                0x0800689c        0xc C:/ST/STM32CubeIDE_1.16.0/STM32CubeIDE/plugins/com.st.stm32cube.ide.mcu.externaltools.gnu-tools-for-stm32.12.3.rel1.win32_1.0.200.202406191623/tools/bin/../lib/gcc/arm-none-eabi/12.3.1/../../../../arm-none-eabi/lib/thumb/v7e-m+fp/hard\libc_nano.a(libc_a-mlock.o)
                0x0800689c                __malloc_lock
 .text.__malloc_unlock
                0x080068a8        0xc C:/ST/STM32CubeIDE_1.16.0/STM32CubeIDE/plugins/com.st.stm32cube.ide.mcu.externaltools.gnu-tools-for-stm32.12.3.rel1.win32_1.0.200.202406191623/tools/bin/../lib/gcc/arm-none-eabi/12.3.1/../../../../arm-none-eabi/lib/thumb/v7e-m+fp/hard\libc_nano.a(libc_a-mlock.o)
                0x080068a8                __malloc_unlock
 .text.__ssputs_r
                0x080068b4       0xb6 C:/ST/STM32CubeIDE_1.16.0/STM32CubeIDE/plugins/com.st.stm32cube.ide.mcu.externaltools.gnu-tools-for-stm32.12.3.rel1.win32_1.0.200.202406191623/tools/bin/../lib/gcc/arm-none-eabi/12.3.1/../../../../arm-none-eabi/lib/thumb/v7e-m+fp/hard\libc_nano.a(libc_a-nano-svfprintf.o)
                0x080068b4                __ssputs_r
 *fill*         0x0800696a        0x2 
 .text._svfprintf_r
                0x0800696c      0x1f8 C:/ST/STM32CubeIDE_1.16.0/STM32CubeIDE/plugins/com.st.stm32cube.ide.mcu.externaltools.gnu-tools-for-stm32.12.3.rel1.win32_1.0.200.202406191623/tools/bin/../lib/gcc/arm-none-eabi/12.3.1/../../../../arm-none-eabi/lib/thumb/v7e-m+fp/hard\libc_nano.a(libc_a-nano-svfprintf.o)
                0x0800696c                _svfiprintf_r
                0x0800696c                _svfprintf_r
 .text._printf_common
                0x08006b64       0xda C:/ST/STM32CubeIDE_1.16.0/STM32CubeIDE/plugins/com.st.stm32cube.ide.mcu.externaltools.gnu-tools-for-stm32.12.3.rel1.win32_1.0.200.202406191623/tools/bin/../lib/gcc/arm-none-eabi/12.3.1/../../../../arm-none-eabi/lib/thumb/v7e-m+fp/hard\libc_nano.a(libc_a-nano-vfprintf_i.o)
                0x08006b64                _printf_common
 *fill*         0x08006c3e        0x2 
 .text._printf_i
                0x08006c40      0x240 C:/ST/STM32CubeIDE_1.16.0/STM32CubeIDE/plugins/com.st.stm32cube.ide.mcu.externaltools.gnu-tools-for-stm32.12.3.rel1.win32_1.0.200.202406191623/tools/bin/../lib/gcc/arm-none-eabi/12.3.1/../../../../arm-none-eabi/lib/thumb/v7e-m+fp/hard\libc_nano.a(libc_a-nano-vfprintf_i.o)
                0x08006c40                _printf_i
 .text.memmove  0x08006e80       0x34 C:/ST/STM32CubeIDE_1.16.0/STM32CubeIDE/plugins/com.st.stm32cube.ide.mcu.externaltools.gnu-tools-for-stm32.12.3.rel1.win32_1.0.200.202406191623/tools/bin/../lib/gcc/arm-none-eabi/12.3.1/../../../../arm-none-eabi/lib/thumb/v7e-m+fp/hard\libc_nano.a(libc_a-memmove.o)
                0x08006e80                memmove
 .text._sbrk_r  0x08006eb4       0x20 C:/ST/STM32CubeIDE_1.16.0/STM32CubeIDE/plugins/com.st.stm32cube.ide.mcu.externaltools.gnu-tools-for-stm32.12.3.rel1.win32_1.0.200.202406191623/tools/bin/../lib/gcc/arm-none-eabi/12.3.1/../../../../arm-none-eabi/lib/thumb/v7e-m+fp/hard\libc_nano.a(libc_a-sbrkr.o)
                0x08006eb4                _sbrk_r
 .text._realloc_r
                0x08006ed4       0x5c C:/ST/STM32CubeIDE_1.16.0/STM32CubeIDE/plugins/com.st.stm32cube.ide.mcu.externaltools.gnu-tools-for-stm32.12.3.rel1.win32_1.0.200.202406191623/tools/bin/../lib/gcc/arm-none-eabi/12.3.1/../../../../arm-none-eabi/lib/thumb/v7e-m+fp/hard\libc_nano.a(libc_a-reallocr.o)
                0x08006ed4                _realloc_r
 .text._malloc_usable_size_r
                0x08006f30       0x10 C:/ST/STM32CubeIDE_1.16.0/STM32CubeIDE/plugins/com.st.stm32cube.ide.mcu.externaltools.gnu-tools-for-stm32.12.3.rel1.win32_1.0.200.202406191623/tools/bin/../lib/gcc/arm-none-eabi/12.3.1/../../../../arm-none-eabi/lib/thumb/v7e-m+fp/hard\libc_nano.a(libc_a-msizer.o)
                0x08006f30                _malloc_usable_size_r
 .text._sbrk    0x08006f40       0x1c C:/ST/STM32CubeIDE_1.16.0/STM32CubeIDE/plugins/com.st.stm32cube.ide.mcu.externaltools.gnu-tools-for-stm32.12.3.rel1.win32_1.0.200.202406191623/tools/bin/../lib/gcc/arm-none-eabi/12.3.1/../../../../arm-none-eabi/lib/thumb/v7e-m+fp/hard\libnosys.a(sbrk.o)
                0x08006f40                _sbrk
 *(.glue_7)
 .glue_7        0x08006f5c        0x0 linker stubs
 *(.glue_7t)
 .glue_7t       0x08006f5c        0x0 linker stubs
 *(.eh_frame)
 .eh_frame      0x08006f5c        0x0 C:/ST/STM32CubeIDE_1.16.0/STM32CubeIDE/plugins/com.st.stm32cube.ide.mcu.externaltools.gnu-tools-for-stm32.12.3.rel1.win32_1.0.200.202406191623/tools/bin/../lib/gcc/arm-none-eabi/12.3.1/thumb/v7e-m+fp/hard/crtbegin.o
 *(.init)
 .init          0x08006f5c        0x4 C:/ST/STM32CubeIDE_1.16.0/STM32CubeIDE/plugins/com.st.stm32cube.ide.mcu.externaltools.gnu-tools-for-stm32.12.3.rel1.win32_1.0.200.202406191623/tools/bin/../lib/gcc/arm-none-eabi/12.3.1/thumb/v7e-m+fp/hard/crti.o
                0x08006f5c                _init
 .init          0x08006f60        0x8 C:/ST/STM32CubeIDE_1.16.0/STM32CubeIDE/plugins/com.st.stm32cube.ide.mcu.externaltools.gnu-tools-for-stm32.12.3.rel1.win32_1.0.200.202406191623/tools/bin/../lib/gcc/arm-none-eabi/12.3.1/thumb/v7e-m+fp/hard/crtn.o
 *(.fini)
 .fini          0x08006f68        0x4 C:/ST/STM32CubeIDE_1.16.0/STM32CubeIDE/plugins/com.st.stm32cube.ide.mcu.externaltools.gnu-tools-for-stm32.12.3.rel1.win32_1.0.200.202406191623/tools/bin/../lib/gcc/arm-none-eabi/12.3.1/thumb/v7e-m+fp/hard/crti.o
                0x08006f68                _fini
 .fini          0x08006f6c        0x8 C:/ST/STM32CubeIDE_1.16.0/STM32CubeIDE/plugins/com.st.stm32cube.ide.mcu.externaltools.gnu-tools-for-stm32.12.3.rel1.win32_1.0.200.202406191623/tools/bin/../lib/gcc/arm-none-eabi/12.3.1/thumb/v7e-m+fp/hard/crtn.o
                0x08006f74                        . = ALIGN (0x4)
                0x08006f74                        _etext = .

.vfp11_veneer   0x08006f74        0x0
 .vfp11_veneer  0x08006f74        0x0 linker stubs

.v4_bx          0x08006f74        0x0
 .v4_bx         0x08006f74        0x0 linker stubs

.iplt           0x08006f74        0x0
 .iplt          0x08006f74        0x0 C:/ST/STM32CubeIDE_1.16.0/STM32CubeIDE/plugins/com.st.stm32cube.ide.mcu.externaltools.gnu-tools-for-stm32.12.3.rel1.win32_1.0.200.202406191623/tools/bin/../lib/gcc/arm-none-eabi/12.3.1/thumb/v7e-m+fp/hard/crtbegin.o

.rodata         0x08006f74     0x2130
                0x08006f74                        . = ALIGN (0x4)
 *(.rodata)
 .rodata        0x08006f74       0x23 ./Core/Src/main.o
 *fill*         0x08006f97        0x1 
 .rodata        0x08006f98        0x5 ./ThirdParty/FreeRTOS/Source/tasks.o
 *fill*         0x08006f9d        0x3 
 .rodata        0x08006fa0        0xd ./ThirdParty/FreeRTOS/Source/timers.o
 *(.rodata*)
 *fill*         0x08006fad        0x3 
 .rodata.Font11x18
                0x08006fb0      0xd5c ./Core/Src/fonts.o
                0x08006fb0                Font11x18
 .rodata.Font16x26
                0x08007d0c     0x134c ./Core/Src/fonts.o
                0x08007d0c                Font16x26
 .rodata.AHBPrescTable
                0x08009058       0x10 ./Core/Src/system_stm32f4xx.o
                0x08009058                AHBPrescTable
 .rodata.APBPrescTable
                0x08009068        0x8 ./Core/Src/system_stm32f4xx.o
                0x08009068                APBPrescTable
 .rodata._svfprintf_r.str1.1
                0x08009070       0x11 C:/ST/STM32CubeIDE_1.16.0/STM32CubeIDE/plugins/com.st.stm32cube.ide.mcu.externaltools.gnu-tools-for-stm32.12.3.rel1.win32_1.0.200.202406191623/tools/bin/../lib/gcc/arm-none-eabi/12.3.1/../../../../arm-none-eabi/lib/thumb/v7e-m+fp/hard\libc_nano.a(libc_a-nano-svfprintf.o)
 .rodata._printf_i.str1.1
                0x08009081       0x22 C:/ST/STM32CubeIDE_1.16.0/STM32CubeIDE/plugins/com.st.stm32cube.ide.mcu.externaltools.gnu-tools-for-stm32.12.3.rel1.win32_1.0.200.202406191623/tools/bin/../lib/gcc/arm-none-eabi/12.3.1/../../../../arm-none-eabi/lib/thumb/v7e-m+fp/hard\libc_nano.a(libc_a-nano-vfprintf_i.o)
                0x080090a4                        . = ALIGN (0x4)
 *fill*         0x080090a3        0x1 

.ARM.extab      0x080090a4        0x0
                0x080090a4                        . = ALIGN (0x4)
 *(.ARM.extab* .gnu.linkonce.armextab.*)
                0x080090a4                        . = ALIGN (0x4)

.ARM            0x080090a4        0x8
                0x080090a4                        . = ALIGN (0x4)
                0x080090a4                        __exidx_start = .
 *(.ARM.exidx*)
 .ARM.exidx     0x080090a4        0x8 C:/ST/STM32CubeIDE_1.16.0/STM32CubeIDE/plugins/com.st.stm32cube.ide.mcu.externaltools.gnu-tools-for-stm32.12.3.rel1.win32_1.0.200.202406191623/tools/bin/../lib/gcc/arm-none-eabi/12.3.1/../../../../arm-none-eabi/lib/thumb/v7e-m+fp/hard\libc_nano.a(libc_a-memchr.o)
 .ARM.exidx     0x080090ac        0x0 C:/ST/STM32CubeIDE_1.16.0/STM32CubeIDE/plugins/com.st.stm32cube.ide.mcu.externaltools.gnu-tools-for-stm32.12.3.rel1.win32_1.0.200.202406191623/tools/bin/../lib/gcc/arm-none-eabi/12.3.1/thumb/v7e-m+fp/hard\libgcc.a(_udivmoddi4.o)
                                  0x8 (size before relaxing)
                0x080090ac                        __exidx_end = .
                0x080090ac                        . = ALIGN (0x4)

.preinit_array  0x080090ac        0x0
                0x080090ac                        . = ALIGN (0x4)
                0x080090ac                        PROVIDE (__preinit_array_start = .)
 *(.preinit_array*)
                0x080090ac                        PROVIDE (__preinit_array_end = .)
                0x080090ac                        . = ALIGN (0x4)

.init_array     0x080090ac        0x4
                0x080090ac                        . = ALIGN (0x4)
                0x080090ac                        PROVIDE (__init_array_start = .)
 *(SORT_BY_NAME(.init_array.*))
 *(.init_array*)
 .init_array    0x080090ac        0x4 C:/ST/STM32CubeIDE_1.16.0/STM32CubeIDE/plugins/com.st.stm32cube.ide.mcu.externaltools.gnu-tools-for-stm32.12.3.rel1.win32_1.0.200.202406191623/tools/bin/../lib/gcc/arm-none-eabi/12.3.1/thumb/v7e-m+fp/hard/crtbegin.o
                0x080090b0                        PROVIDE (__init_array_end = .)
                0x080090b0                        . = ALIGN (0x4)

.fini_array     0x080090b0        0x4
                0x080090b0                        . = ALIGN (0x4)
                [!provide]                        PROVIDE (__fini_array_start = .)
 *(SORT_BY_NAME(.fini_array.*))
 *(.fini_array*)
 .fini_array    0x080090b0        0x4 C:/ST/STM32CubeIDE_1.16.0/STM32CubeIDE/plugins/com.st.stm32cube.ide.mcu.externaltools.gnu-tools-for-stm32.12.3.rel1.win32_1.0.200.202406191623/tools/bin/../lib/gcc/arm-none-eabi/12.3.1/thumb/v7e-m+fp/hard/crtbegin.o
                [!provide]                        PROVIDE (__fini_array_end = .)
                0x080090b4                        . = ALIGN (0x4)
                0x080090b4                        _sidata = LOADADDR (.data)

.rel.dyn        0x080090b4        0x0
 .rel.iplt      0x080090b4        0x0 C:/ST/STM32CubeIDE_1.16.0/STM32CubeIDE/plugins/com.st.stm32cube.ide.mcu.externaltools.gnu-tools-for-stm32.12.3.rel1.win32_1.0.200.202406191623/tools/bin/../lib/gcc/arm-none-eabi/12.3.1/thumb/v7e-m+fp/hard/crtbegin.o

.data           0x20000000       0x74 load address 0x080090b4
                0x20000000                        . = ALIGN (0x4)
                0x20000000                        _sdata = .
 *(.data)
 *(.data*)
 .data.Font_11x18
                0x20000000        0x8 ./Core/Src/fonts.o
                0x20000000                Font_11x18
 .data.Font_16x26
                0x20000008        0x8 ./Core/Src/fonts.o
                0x20000008                Font_16x26
 .data.SystemCoreClock
                0x20000010        0x4 ./Core/Src/system_stm32f4xx.o
                0x20000010                SystemCoreClock
 .data.uwTickPrio
                0x20000014        0x4 ./Drivers/STM32F4xx_HAL_Driver/Src/stm32f4xx_hal.o
                0x20000014                uwTickPrio
 .data.uwTickFreq
                0x20000018        0x1 ./Drivers/STM32F4xx_HAL_Driver/Src/stm32f4xx_hal.o
                0x20000018                uwTickFreq
 *fill*         0x20000019        0x3 
 .data.uxTopUsedPriority
                0x2000001c        0x4 ./ThirdParty/FreeRTOS/Source/tasks.o
                0x2000001c                uxTopUsedPriority
 .data.uxCriticalNesting
                0x20000020        0x4 ./ThirdParty/FreeRTOS/Source/portable/GCC/ARM_CM4F/port.o
 .data._impure_ptr
                0x20000024        0x4 C:/ST/STM32CubeIDE_1.16.0/STM32CubeIDE/plugins/com.st.stm32cube.ide.mcu.externaltools.gnu-tools-for-stm32.12.3.rel1.win32_1.0.200.202406191623/tools/bin/../lib/gcc/arm-none-eabi/12.3.1/../../../../arm-none-eabi/lib/thumb/v7e-m+fp/hard\libc_nano.a(libc_a-impure.o)
                0x20000024                _impure_ptr
 .data._impure_data
                0x20000028       0x4c C:/ST/STM32CubeIDE_1.16.0/STM32CubeIDE/plugins/com.st.stm32cube.ide.mcu.externaltools.gnu-tools-for-stm32.12.3.rel1.win32_1.0.200.202406191623/tools/bin/../lib/gcc/arm-none-eabi/12.3.1/../../../../arm-none-eabi/lib/thumb/v7e-m+fp/hard\libc_nano.a(libc_a-impure.o)
                0x20000028                _impure_data
 *(.RamFunc)
 *(.RamFunc*)
                0x20000074                        . = ALIGN (0x4)
                0x20000074                        _edata = .

.igot.plt       0x20000074        0x0 load address 0x08009128
 .igot.plt      0x20000074        0x0 C:/ST/STM32CubeIDE_1.16.0/STM32CubeIDE/plugins/com.st.stm32cube.ide.mcu.externaltools.gnu-tools-for-stm32.12.3.rel1.win32_1.0.200.202406191623/tools/bin/../lib/gcc/arm-none-eabi/12.3.1/thumb/v7e-m+fp/hard/crtbegin.o
                0x20000074                        . = ALIGN (0x4)

.bss            0x20000074     0xf820 load address 0x08009128
                0x20000074                        _sbss = .
                0x20000074                        __bss_start__ = _sbss
 *(.bss)
 .bss           0x20000074       0x1c C:/ST/STM32CubeIDE_1.16.0/STM32CubeIDE/plugins/com.st.stm32cube.ide.mcu.externaltools.gnu-tools-for-stm32.12.3.rel1.win32_1.0.200.202406191623/tools/bin/../lib/gcc/arm-none-eabi/12.3.1/thumb/v7e-m+fp/hard/crtbegin.o
 *(.bss*)
 .bss.hi2c1     0x20000090       0x54 ./Core/Src/main.o
                0x20000090                hi2c1
 .bss.htim1     0x200000e4       0x48 ./Core/Src/main.o
                0x200000e4                htim1
 .bss.pMillis   0x2000012c        0x4 ./Core/Src/main.o
                0x2000012c                pMillis
 .bss.Value1    0x20000130        0x4 ./Core/Src/main.o
                0x20000130                Value1
 .bss.Value2    0x20000134        0x4 ./Core/Src/main.o
                0x20000134                Value2
 .bss.Distance  0x20000138        0x2 ./Core/Src/main.o
                0x20000138                Distance
 *fill*         0x2000013a        0x2 
 .bss.strCopy   0x2000013c        0xf ./Core/Src/main.o
                0x2000013c                strCopy
 *fill*         0x2000014b        0x1 
 .bss.distanceQueue
                0x2000014c        0x4 ./Core/Src/main.o
                0x2000014c                distanceQueue
 .bss.SSD1306_Buffer
                0x20000150      0x400 ./Core/Src/ssd1306.o
 .bss.SSD1306   0x20000550        0x6 ./Core/Src/ssd1306.o
 *fill*         0x20000556        0x2 
 .bss.htim2     0x20000558       0x48 ./Core/Src/stm32f4xx_hal_timebase_tim.o
                0x20000558                htim2
 .bss.uwTick    0x200005a0        0x4 ./Drivers/STM32F4xx_HAL_Driver/Src/stm32f4xx_hal.o
                0x200005a0                uwTick
 .bss.xQueueRegistry
                0x200005a4       0x40 ./ThirdParty/FreeRTOS/Source/queue.o
                0x200005a4                xQueueRegistry
 .bss.pxCurrentTCB
                0x200005e4        0x4 ./ThirdParty/FreeRTOS/Source/tasks.o
                0x200005e4                pxCurrentTCB
 .bss.pxReadyTasksLists
                0x200005e8       0x64 ./ThirdParty/FreeRTOS/Source/tasks.o
 .bss.xDelayedTaskList1
                0x2000064c       0x14 ./ThirdParty/FreeRTOS/Source/tasks.o
 .bss.xDelayedTaskList2
                0x20000660       0x14 ./ThirdParty/FreeRTOS/Source/tasks.o
 .bss.pxDelayedTaskList
                0x20000674        0x4 ./ThirdParty/FreeRTOS/Source/tasks.o
 .bss.pxOverflowDelayedTaskList
                0x20000678        0x4 ./ThirdParty/FreeRTOS/Source/tasks.o
 .bss.xPendingReadyList
                0x2000067c       0x14 ./ThirdParty/FreeRTOS/Source/tasks.o
 .bss.xTasksWaitingTermination
                0x20000690       0x14 ./ThirdParty/FreeRTOS/Source/tasks.o
 .bss.uxDeletedTasksWaitingCleanUp
                0x200006a4        0x4 ./ThirdParty/FreeRTOS/Source/tasks.o
 .bss.xSuspendedTaskList
                0x200006a8       0x14 ./ThirdParty/FreeRTOS/Source/tasks.o
 .bss.uxCurrentNumberOfTasks
                0x200006bc        0x4 ./ThirdParty/FreeRTOS/Source/tasks.o
 .bss.xTickCount
                0x200006c0        0x4 ./ThirdParty/FreeRTOS/Source/tasks.o
 .bss.uxTopReadyPriority
                0x200006c4        0x4 ./ThirdParty/FreeRTOS/Source/tasks.o
 .bss.xSchedulerRunning
                0x200006c8        0x4 ./ThirdParty/FreeRTOS/Source/tasks.o
 .bss.xPendedTicks
                0x200006cc        0x4 ./ThirdParty/FreeRTOS/Source/tasks.o
 .bss.xYieldPending
                0x200006d0        0x4 ./ThirdParty/FreeRTOS/Source/tasks.o
 .bss.xNumOfOverflows
                0x200006d4        0x4 ./ThirdParty/FreeRTOS/Source/tasks.o
 .bss.uxTaskNumber
                0x200006d8        0x4 ./ThirdParty/FreeRTOS/Source/tasks.o
 .bss.xNextTaskUnblockTime
                0x200006dc        0x4 ./ThirdParty/FreeRTOS/Source/tasks.o
 .bss.xIdleTaskHandle
                0x200006e0        0x4 ./ThirdParty/FreeRTOS/Source/tasks.o
 .bss.uxSchedulerSuspended
                0x200006e4        0x4 ./ThirdParty/FreeRTOS/Source/tasks.o
 .bss.xActiveTimerList1
                0x200006e8       0x14 ./ThirdParty/FreeRTOS/Source/timers.o
 .bss.xActiveTimerList2
                0x200006fc       0x14 ./ThirdParty/FreeRTOS/Source/timers.o
 .bss.pxCurrentTimerList
                0x20000710        0x4 ./ThirdParty/FreeRTOS/Source/timers.o
 .bss.pxOverflowTimerList
                0x20000714        0x4 ./ThirdParty/FreeRTOS/Source/timers.o
 .bss.xTimerQueue
                0x20000718        0x4 ./ThirdParty/FreeRTOS/Source/timers.o
 .bss.xTimerTaskHandle
                0x2000071c        0x4 ./ThirdParty/FreeRTOS/Source/timers.o
 .bss.xLastTime.0
                0x20000720        0x4 ./ThirdParty/FreeRTOS/Source/timers.o
 .bss.ucMaxSysCallPriority
                0x20000724        0x1 ./ThirdParty/FreeRTOS/Source/portable/GCC/ARM_CM4F/port.o
 *fill*         0x20000725        0x3 
 .bss.ulMaxPRIGROUPValue
                0x20000728        0x4 ./ThirdParty/FreeRTOS/Source/portable/GCC/ARM_CM4F/port.o
 .bss.ucHeap    0x2000072c     0xf000 ./ThirdParty/FreeRTOS/Source/portable/MemMang/heap_4.o
 .bss.xStart    0x2000f72c        0x8 ./ThirdParty/FreeRTOS/Source/portable/MemMang/heap_4.o
 .bss.pxEnd     0x2000f734        0x4 ./ThirdParty/FreeRTOS/Source/portable/MemMang/heap_4.o
 .bss.xFreeBytesRemaining
                0x2000f738        0x4 ./ThirdParty/FreeRTOS/Source/portable/MemMang/heap_4.o
 .bss.xMinimumEverFreeBytesRemaining
                0x2000f73c        0x4 ./ThirdParty/FreeRTOS/Source/portable/MemMang/heap_4.o
 .bss.xNumberOfSuccessfulAllocations
                0x2000f740        0x4 ./ThirdParty/FreeRTOS/Source/portable/MemMang/heap_4.o
 .bss.xNumberOfSuccessfulFrees
                0x2000f744        0x4 ./ThirdParty/FreeRTOS/Source/portable/MemMang/heap_4.o
 .bss.__sf      0x2000f748      0x138 C:/ST/STM32CubeIDE_1.16.0/STM32CubeIDE/plugins/com.st.stm32cube.ide.mcu.externaltools.gnu-tools-for-stm32.12.3.rel1.win32_1.0.200.202406191623/tools/bin/../lib/gcc/arm-none-eabi/12.3.1/../../../../arm-none-eabi/lib/thumb/v7e-m+fp/hard\libc_nano.a(libc_a-findfp.o)
                0x2000f748                __sf
 .bss.errno     0x2000f880        0x4 C:/ST/STM32CubeIDE_1.16.0/STM32CubeIDE/plugins/com.st.stm32cube.ide.mcu.externaltools.gnu-tools-for-stm32.12.3.rel1.win32_1.0.200.202406191623/tools/bin/../lib/gcc/arm-none-eabi/12.3.1/../../../../arm-none-eabi/lib/thumb/v7e-m+fp/hard\libc_nano.a(libc_a-reent.o)
                0x2000f880                errno
 .bss.__lock___malloc_recursive_mutex
                0x2000f884        0x1 C:/ST/STM32CubeIDE_1.16.0/STM32CubeIDE/plugins/com.st.stm32cube.ide.mcu.externaltools.gnu-tools-for-stm32.12.3.rel1.win32_1.0.200.202406191623/tools/bin/../lib/gcc/arm-none-eabi/12.3.1/../../../../arm-none-eabi/lib/thumb/v7e-m+fp/hard\libc_nano.a(libc_a-lock.o)
                0x2000f884                __lock___malloc_recursive_mutex
 *fill*         0x2000f885        0x3 
 .bss.__malloc_sbrk_start
                0x2000f888        0x4 C:/ST/STM32CubeIDE_1.16.0/STM32CubeIDE/plugins/com.st.stm32cube.ide.mcu.externaltools.gnu-tools-for-stm32.12.3.rel1.win32_1.0.200.202406191623/tools/bin/../lib/gcc/arm-none-eabi/12.3.1/../../../../arm-none-eabi/lib/thumb/v7e-m+fp/hard\libc_nano.a(libc_a-mallocr.o)
                0x2000f888                __malloc_sbrk_start
 .bss.__malloc_free_list
                0x2000f88c        0x4 C:/ST/STM32CubeIDE_1.16.0/STM32CubeIDE/plugins/com.st.stm32cube.ide.mcu.externaltools.gnu-tools-for-stm32.12.3.rel1.win32_1.0.200.202406191623/tools/bin/../lib/gcc/arm-none-eabi/12.3.1/../../../../arm-none-eabi/lib/thumb/v7e-m+fp/hard\libc_nano.a(libc_a-mallocr.o)
                0x2000f88c                __malloc_free_list
 .bss.heap_end.0
                0x2000f890        0x4 C:/ST/STM32CubeIDE_1.16.0/STM32CubeIDE/plugins/com.st.stm32cube.ide.mcu.externaltools.gnu-tools-for-stm32.12.3.rel1.win32_1.0.200.202406191623/tools/bin/../lib/gcc/arm-none-eabi/12.3.1/../../../../arm-none-eabi/lib/thumb/v7e-m+fp/hard\libnosys.a(sbrk.o)
 *(COMMON)
                0x2000f894                        . = ALIGN (0x4)
                0x2000f894                        _ebss = .
                0x2000f894                        __bss_end__ = _ebss

._user_heap_stack
                0x2000f894      0x604 load address 0x08009128
                0x2000f898                        . = ALIGN (0x8)
 *fill*         0x2000f894        0x4 
                0x2000f898                        PROVIDE (end = .)
                [!provide]                        PROVIDE (_end = .)
                0x2000fa98                        . = (. + _Min_Heap_Size)
 *fill*         0x2000f898      0x200 
                0x2000fe98                        . = (. + _Min_Stack_Size)
 *fill*         0x2000fa98      0x400 
                0x2000fe98                        . = ALIGN (0x8)

/DISCARD/
 libc.a(*)
 libm.a(*)
 libgcc.a(*)

.ARM.attributes
                0x00000000       0x30
 *(.ARM.attributes)
 .ARM.attributes
                0x00000000       0x22 C:/ST/STM32CubeIDE_1.16.0/STM32CubeIDE/plugins/com.st.stm32cube.ide.mcu.externaltools.gnu-tools-for-stm32.12.3.rel1.win32_1.0.200.202406191623/tools/bin/../lib/gcc/arm-none-eabi/12.3.1/thumb/v7e-m+fp/hard/crti.o
 .ARM.attributes
                0x00000022       0x34 C:/ST/STM32CubeIDE_1.16.0/STM32CubeIDE/plugins/com.st.stm32cube.ide.mcu.externaltools.gnu-tools-for-stm32.12.3.rel1.win32_1.0.200.202406191623/tools/bin/../lib/gcc/arm-none-eabi/12.3.1/thumb/v7e-m+fp/hard/crtbegin.o
 .ARM.attributes
                0x00000056       0x34 ./Core/Src/fonts.o
 .ARM.attributes
                0x0000008a       0x34 ./Core/Src/main.o
 .ARM.attributes
                0x000000be       0x34 ./Core/Src/ssd1306.o
 .ARM.attributes
                0x000000f2       0x34 ./Core/Src/stm32f4xx_hal_msp.o
 .ARM.attributes
                0x00000126       0x34 ./Core/Src/stm32f4xx_hal_timebase_tim.o
 .ARM.attributes
                0x0000015a       0x34 ./Core/Src/stm32f4xx_it.o
 .ARM.attributes
                0x0000018e       0x34 ./Core/Src/system_stm32f4xx.o
 .ARM.attributes
                0x000001c2       0x21 ./Core/Startup/startup_stm32f401ccux.o
 .ARM.attributes
                0x000001e3       0x34 ./Drivers/STM32F4xx_HAL_Driver/Src/stm32f4xx_hal.o
 .ARM.attributes
                0x00000217       0x34 ./Drivers/STM32F4xx_HAL_Driver/Src/stm32f4xx_hal_cortex.o
 .ARM.attributes
                0x0000024b       0x34 ./Drivers/STM32F4xx_HAL_Driver/Src/stm32f4xx_hal_gpio.o
 .ARM.attributes
                0x0000027f       0x34 ./Drivers/STM32F4xx_HAL_Driver/Src/stm32f4xx_hal_i2c.o
 .ARM.attributes
                0x000002b3       0x34 ./Drivers/STM32F4xx_HAL_Driver/Src/stm32f4xx_hal_rcc.o
 .ARM.attributes
                0x000002e7       0x34 ./Drivers/STM32F4xx_HAL_Driver/Src/stm32f4xx_hal_tim.o
 .ARM.attributes
                0x0000031b       0x34 ./Drivers/STM32F4xx_HAL_Driver/Src/stm32f4xx_hal_tim_ex.o
 .ARM.attributes
                0x0000034f       0x34 ./ThirdParty/FreeRTOS/Source/list.o
 .ARM.attributes
                0x00000383       0x34 ./ThirdParty/FreeRTOS/Source/queue.o
 .ARM.attributes
                0x000003b7       0x34 ./ThirdParty/FreeRTOS/Source/tasks.o
 .ARM.attributes
                0x000003eb       0x34 ./ThirdParty/FreeRTOS/Source/timers.o
 .ARM.attributes
                0x0000041f       0x34 ./ThirdParty/FreeRTOS/Source/portable/GCC/ARM_CM4F/port.o
 .ARM.attributes
                0x00000453       0x34 ./ThirdParty/FreeRTOS/Source/portable/MemMang/heap_4.o
 .ARM.attributes
                0x00000487       0x34 C:/ST/STM32CubeIDE_1.16.0/STM32CubeIDE/plugins/com.st.stm32cube.ide.mcu.externaltools.gnu-tools-for-stm32.12.3.rel1.win32_1.0.200.202406191623/tools/bin/../lib/gcc/arm-none-eabi/12.3.1/../../../../arm-none-eabi/lib/thumb/v7e-m+fp/hard\libc_nano.a(libc_a-findfp.o)
 .ARM.attributes
                0x000004bb       0x34 C:/ST/STM32CubeIDE_1.16.0/STM32CubeIDE/plugins/com.st.stm32cube.ide.mcu.externaltools.gnu-tools-for-stm32.12.3.rel1.win32_1.0.200.202406191623/tools/bin/../lib/gcc/arm-none-eabi/12.3.1/../../../../arm-none-eabi/lib/thumb/v7e-m+fp/hard\libc_nano.a(libc_a-sprintf.o)
 .ARM.attributes
                0x000004ef       0x34 C:/ST/STM32CubeIDE_1.16.0/STM32CubeIDE/plugins/com.st.stm32cube.ide.mcu.externaltools.gnu-tools-for-stm32.12.3.rel1.win32_1.0.200.202406191623/tools/bin/../lib/gcc/arm-none-eabi/12.3.1/../../../../arm-none-eabi/lib/thumb/v7e-m+fp/hard\libc_nano.a(libc_a-memset.o)
 .ARM.attributes
                0x00000523       0x34 C:/ST/STM32CubeIDE_1.16.0/STM32CubeIDE/plugins/com.st.stm32cube.ide.mcu.externaltools.gnu-tools-for-stm32.12.3.rel1.win32_1.0.200.202406191623/tools/bin/../lib/gcc/arm-none-eabi/12.3.1/../../../../arm-none-eabi/lib/thumb/v7e-m+fp/hard\libc_nano.a(libc_a-reent.o)
 .ARM.attributes
                0x00000557       0x34 C:/ST/STM32CubeIDE_1.16.0/STM32CubeIDE/plugins/com.st.stm32cube.ide.mcu.externaltools.gnu-tools-for-stm32.12.3.rel1.win32_1.0.200.202406191623/tools/bin/../lib/gcc/arm-none-eabi/12.3.1/../../../../arm-none-eabi/lib/thumb/v7e-m+fp/hard\libc_nano.a(libc_a-impure.o)
 .ARM.attributes
                0x0000058b       0x34 C:/ST/STM32CubeIDE_1.16.0/STM32CubeIDE/plugins/com.st.stm32cube.ide.mcu.externaltools.gnu-tools-for-stm32.12.3.rel1.win32_1.0.200.202406191623/tools/bin/../lib/gcc/arm-none-eabi/12.3.1/../../../../arm-none-eabi/lib/thumb/v7e-m+fp/hard\libc_nano.a(libc_a-init.o)
 .ARM.attributes
                0x000005bf       0x34 C:/ST/STM32CubeIDE_1.16.0/STM32CubeIDE/plugins/com.st.stm32cube.ide.mcu.externaltools.gnu-tools-for-stm32.12.3.rel1.win32_1.0.200.202406191623/tools/bin/../lib/gcc/arm-none-eabi/12.3.1/../../../../arm-none-eabi/lib/thumb/v7e-m+fp/hard\libc_nano.a(libc_a-lock.o)
 .ARM.attributes
                0x000005f3       0x34 C:/ST/STM32CubeIDE_1.16.0/STM32CubeIDE/plugins/com.st.stm32cube.ide.mcu.externaltools.gnu-tools-for-stm32.12.3.rel1.win32_1.0.200.202406191623/tools/bin/../lib/gcc/arm-none-eabi/12.3.1/../../../../arm-none-eabi/lib/thumb/v7e-m+fp/hard\libc_nano.a(libc_a-memcpy-stub.o)
 .ARM.attributes
                0x00000627       0x34 C:/ST/STM32CubeIDE_1.16.0/STM32CubeIDE/plugins/com.st.stm32cube.ide.mcu.externaltools.gnu-tools-for-stm32.12.3.rel1.win32_1.0.200.202406191623/tools/bin/../lib/gcc/arm-none-eabi/12.3.1/../../../../arm-none-eabi/lib/thumb/v7e-m+fp/hard\libc_nano.a(libc_a-freer.o)
 .ARM.attributes
                0x0000065b       0x34 C:/ST/STM32CubeIDE_1.16.0/STM32CubeIDE/plugins/com.st.stm32cube.ide.mcu.externaltools.gnu-tools-for-stm32.12.3.rel1.win32_1.0.200.202406191623/tools/bin/../lib/gcc/arm-none-eabi/12.3.1/../../../../arm-none-eabi/lib/thumb/v7e-m+fp/hard\libc_nano.a(libc_a-mallocr.o)
 .ARM.attributes
                0x0000068f       0x34 C:/ST/STM32CubeIDE_1.16.0/STM32CubeIDE/plugins/com.st.stm32cube.ide.mcu.externaltools.gnu-tools-for-stm32.12.3.rel1.win32_1.0.200.202406191623/tools/bin/../lib/gcc/arm-none-eabi/12.3.1/../../../../arm-none-eabi/lib/thumb/v7e-m+fp/hard\libc_nano.a(libc_a-mlock.o)
 .ARM.attributes
                0x000006c3       0x34 C:/ST/STM32CubeIDE_1.16.0/STM32CubeIDE/plugins/com.st.stm32cube.ide.mcu.externaltools.gnu-tools-for-stm32.12.3.rel1.win32_1.0.200.202406191623/tools/bin/../lib/gcc/arm-none-eabi/12.3.1/../../../../arm-none-eabi/lib/thumb/v7e-m+fp/hard\libc_nano.a(libc_a-nano-svfprintf.o)
 .ARM.attributes
                0x000006f7       0x34 C:/ST/STM32CubeIDE_1.16.0/STM32CubeIDE/plugins/com.st.stm32cube.ide.mcu.externaltools.gnu-tools-for-stm32.12.3.rel1.win32_1.0.200.202406191623/tools/bin/../lib/gcc/arm-none-eabi/12.3.1/../../../../arm-none-eabi/lib/thumb/v7e-m+fp/hard\libc_nano.a(libc_a-nano-vfprintf_i.o)
 .ARM.attributes
                0x0000072b       0x34 C:/ST/STM32CubeIDE_1.16.0/STM32CubeIDE/plugins/com.st.stm32cube.ide.mcu.externaltools.gnu-tools-for-stm32.12.3.rel1.win32_1.0.200.202406191623/tools/bin/../lib/gcc/arm-none-eabi/12.3.1/../../../../arm-none-eabi/lib/thumb/v7e-m+fp/hard\libc_nano.a(libc_a-memmove.o)
 .ARM.attributes
                0x0000075f       0x34 C:/ST/STM32CubeIDE_1.16.0/STM32CubeIDE/plugins/com.st.stm32cube.ide.mcu.externaltools.gnu-tools-for-stm32.12.3.rel1.win32_1.0.200.202406191623/tools/bin/../lib/gcc/arm-none-eabi/12.3.1/../../../../arm-none-eabi/lib/thumb/v7e-m+fp/hard\libc_nano.a(libc_a-sbrkr.o)
 .ARM.attributes
                0x00000793       0x1c C:/ST/STM32CubeIDE_1.16.0/STM32CubeIDE/plugins/com.st.stm32cube.ide.mcu.externaltools.gnu-tools-for-stm32.12.3.rel1.win32_1.0.200.202406191623/tools/bin/../lib/gcc/arm-none-eabi/12.3.1/../../../../arm-none-eabi/lib/thumb/v7e-m+fp/hard\libc_nano.a(libc_a-memchr.o)
 .ARM.attributes
                0x000007af       0x34 C:/ST/STM32CubeIDE_1.16.0/STM32CubeIDE/plugins/com.st.stm32cube.ide.mcu.externaltools.gnu-tools-for-stm32.12.3.rel1.win32_1.0.200.202406191623/tools/bin/../lib/gcc/arm-none-eabi/12.3.1/../../../../arm-none-eabi/lib/thumb/v7e-m+fp/hard\libc_nano.a(libc_a-reallocr.o)
 .ARM.attributes
                0x000007e3       0x34 C:/ST/STM32CubeIDE_1.16.0/STM32CubeIDE/plugins/com.st.stm32cube.ide.mcu.externaltools.gnu-tools-for-stm32.12.3.rel1.win32_1.0.200.202406191623/tools/bin/../lib/gcc/arm-none-eabi/12.3.1/../../../../arm-none-eabi/lib/thumb/v7e-m+fp/hard\libc_nano.a(libc_a-msizer.o)
 .ARM.attributes
                0x00000817       0x22 C:/ST/STM32CubeIDE_1.16.0/STM32CubeIDE/plugins/com.st.stm32cube.ide.mcu.externaltools.gnu-tools-for-stm32.12.3.rel1.win32_1.0.200.202406191623/tools/bin/../lib/gcc/arm-none-eabi/12.3.1/thumb/v7e-m+fp/hard\libgcc.a(_arm_addsubdf3.o)
 .ARM.attributes
                0x00000839       0x22 C:/ST/STM32CubeIDE_1.16.0/STM32CubeIDE/plugins/com.st.stm32cube.ide.mcu.externaltools.gnu-tools-for-stm32.12.3.rel1.win32_1.0.200.202406191623/tools/bin/../lib/gcc/arm-none-eabi/12.3.1/thumb/v7e-m+fp/hard\libgcc.a(_arm_muldivdf3.o)
 .ARM.attributes
                0x0000085b       0x22 C:/ST/STM32CubeIDE_1.16.0/STM32CubeIDE/plugins/com.st.stm32cube.ide.mcu.externaltools.gnu-tools-for-stm32.12.3.rel1.win32_1.0.200.202406191623/tools/bin/../lib/gcc/arm-none-eabi/12.3.1/thumb/v7e-m+fp/hard\libgcc.a(_arm_fixunsdfsi.o)
 .ARM.attributes
                0x0000087d       0x22 C:/ST/STM32CubeIDE_1.16.0/STM32CubeIDE/plugins/com.st.stm32cube.ide.mcu.externaltools.gnu-tools-for-stm32.12.3.rel1.win32_1.0.200.202406191623/tools/bin/../lib/gcc/arm-none-eabi/12.3.1/thumb/v7e-m+fp/hard\libgcc.a(_aeabi_uldivmod.o)
 .ARM.attributes
                0x0000089f       0x34 C:/ST/STM32CubeIDE_1.16.0/STM32CubeIDE/plugins/com.st.stm32cube.ide.mcu.externaltools.gnu-tools-for-stm32.12.3.rel1.win32_1.0.200.202406191623/tools/bin/../lib/gcc/arm-none-eabi/12.3.1/thumb/v7e-m+fp/hard\libgcc.a(_udivmoddi4.o)
 .ARM.attributes
                0x000008d3       0x22 C:/ST/STM32CubeIDE_1.16.0/STM32CubeIDE/plugins/com.st.stm32cube.ide.mcu.externaltools.gnu-tools-for-stm32.12.3.rel1.win32_1.0.200.202406191623/tools/bin/../lib/gcc/arm-none-eabi/12.3.1/thumb/v7e-m+fp/hard\libgcc.a(_dvmd_tls.o)
 .ARM.attributes
                0x000008f5       0x34 C:/ST/STM32CubeIDE_1.16.0/STM32CubeIDE/plugins/com.st.stm32cube.ide.mcu.externaltools.gnu-tools-for-stm32.12.3.rel1.win32_1.0.200.202406191623/tools/bin/../lib/gcc/arm-none-eabi/12.3.1/../../../../arm-none-eabi/lib/thumb/v7e-m+fp/hard\libnosys.a(sbrk.o)
 .ARM.attributes
                0x00000929       0x22 C:/ST/STM32CubeIDE_1.16.0/STM32CubeIDE/plugins/com.st.stm32cube.ide.mcu.externaltools.gnu-tools-for-stm32.12.3.rel1.win32_1.0.200.202406191623/tools/bin/../lib/gcc/arm-none-eabi/12.3.1/thumb/v7e-m+fp/hard/crtn.o
OUTPUT(eval1.elf elf32-littlearm)
LOAD linker stubs
LOAD C:/ST/STM32CubeIDE_1.16.0/STM32CubeIDE/plugins/com.st.stm32cube.ide.mcu.externaltools.gnu-tools-for-stm32.12.3.rel1.win32_1.0.200.202406191623/tools/bin/../lib/gcc/arm-none-eabi/12.3.1/../../../../arm-none-eabi/lib/thumb/v7e-m+fp/hard\libc.a
LOAD C:/ST/STM32CubeIDE_1.16.0/STM32CubeIDE/plugins/com.st.stm32cube.ide.mcu.externaltools.gnu-tools-for-stm32.12.3.rel1.win32_1.0.200.202406191623/tools/bin/../lib/gcc/arm-none-eabi/12.3.1/../../../../arm-none-eabi/lib/thumb/v7e-m+fp/hard\libm.a
LOAD C:/ST/STM32CubeIDE_1.16.0/STM32CubeIDE/plugins/com.st.stm32cube.ide.mcu.externaltools.gnu-tools-for-stm32.12.3.rel1.win32_1.0.200.202406191623/tools/bin/../lib/gcc/arm-none-eabi/12.3.1/thumb/v7e-m+fp/hard\libgcc.a

.debug_info     0x00000000    0x12b7c
 .debug_info    0x00000000      0x255 ./Core/Src/fonts.o
 .debug_info    0x00000255     0x14bb ./Core/Src/main.o
 .debug_info    0x00001710     0x1086 ./Core/Src/ssd1306.o
 .debug_info    0x00002796      0xd3e ./Core/Src/stm32f4xx_hal_msp.o
 .debug_info    0x000034d4      0xb7d ./Core/Src/stm32f4xx_hal_timebase_tim.o
 .debug_info    0x00004051      0x6a4 ./Core/Src/stm32f4xx_it.o
 .debug_info    0x000046f5      0x53e ./Core/Src/system_stm32f4xx.o
 .debug_info    0x00004c33       0x30 ./Core/Startup/startup_stm32f401ccux.o
 .debug_info    0x00004c63      0x8bb ./Drivers/STM32F4xx_HAL_Driver/Src/stm32f4xx_hal.o
 .debug_info    0x0000551e      0xcc1 ./Drivers/STM32F4xx_HAL_Driver/Src/stm32f4xx_hal_cortex.o
 .debug_info    0x000061df      0x6f9 ./Drivers/STM32F4xx_HAL_Driver/Src/stm32f4xx_hal_gpio.o
 .debug_info    0x000068d8     0x2426 ./Drivers/STM32F4xx_HAL_Driver/Src/stm32f4xx_hal_i2c.o
 .debug_info    0x00008cfe      0x8f3 ./Drivers/STM32F4xx_HAL_Driver/Src/stm32f4xx_hal_rcc.o
 .debug_info    0x000095f1     0x2996 ./Drivers/STM32F4xx_HAL_Driver/Src/stm32f4xx_hal_tim.o
 .debug_info    0x0000bf87     0x14d4 ./Drivers/STM32F4xx_HAL_Driver/Src/stm32f4xx_hal_tim_ex.o
 .debug_info    0x0000d45b      0x2af ./ThirdParty/FreeRTOS/Source/list.o
 .debug_info    0x0000d70a     0x184f ./ThirdParty/FreeRTOS/Source/queue.o
 .debug_info    0x0000ef59     0x2401 ./ThirdParty/FreeRTOS/Source/tasks.o
 .debug_info    0x0001135a      0xe20 ./ThirdParty/FreeRTOS/Source/timers.o
 .debug_info    0x0001217a      0x4e1 ./ThirdParty/FreeRTOS/Source/portable/GCC/ARM_CM4F/port.o
 .debug_info    0x0001265b      0x521 ./ThirdParty/FreeRTOS/Source/portable/MemMang/heap_4.o

.debug_abbrev   0x00000000     0x2f31
 .debug_abbrev  0x00000000      0x11c ./Core/Src/fonts.o
 .debug_abbrev  0x0000011c      0x367 ./Core/Src/main.o
 .debug_abbrev  0x00000483      0x31c ./Core/Src/ssd1306.o
 .debug_abbrev  0x0000079f      0x1d4 ./Core/Src/stm32f4xx_hal_msp.o
 .debug_abbrev  0x00000973      0x207 ./Core/Src/stm32f4xx_hal_timebase_tim.o
 .debug_abbrev  0x00000b7a      0x190 ./Core/Src/stm32f4xx_it.o
 .debug_abbrev  0x00000d0a      0x11a ./Core/Src/system_stm32f4xx.o
 .debug_abbrev  0x00000e24       0x24 ./Core/Startup/startup_stm32f401ccux.o
 .debug_abbrev  0x00000e48      0x24b ./Drivers/STM32F4xx_HAL_Driver/Src/stm32f4xx_hal.o
 .debug_abbrev  0x00001093      0x328 ./Drivers/STM32F4xx_HAL_Driver/Src/stm32f4xx_hal_cortex.o
 .debug_abbrev  0x000013bb      0x1d3 ./Drivers/STM32F4xx_HAL_Driver/Src/stm32f4xx_hal_gpio.o
 .debug_abbrev  0x0000158e      0x2bc ./Drivers/STM32F4xx_HAL_Driver/Src/stm32f4xx_hal_i2c.o
 .debug_abbrev  0x0000184a      0x2b5 ./Drivers/STM32F4xx_HAL_Driver/Src/stm32f4xx_hal_rcc.o
 .debug_abbrev  0x00001aff      0x28b ./Drivers/STM32F4xx_HAL_Driver/Src/stm32f4xx_hal_tim.o
 .debug_abbrev  0x00001d8a      0x296 ./Drivers/STM32F4xx_HAL_Driver/Src/stm32f4xx_hal_tim_ex.o
 .debug_abbrev  0x00002020       0xf5 ./ThirdParty/FreeRTOS/Source/list.o
 .debug_abbrev  0x00002115      0x323 ./ThirdParty/FreeRTOS/Source/queue.o
 .debug_abbrev  0x00002438      0x37e ./ThirdParty/FreeRTOS/Source/tasks.o
 .debug_abbrev  0x000027b6      0x2cb ./ThirdParty/FreeRTOS/Source/timers.o
 .debug_abbrev  0x00002a81      0x25a ./ThirdParty/FreeRTOS/Source/portable/GCC/ARM_CM4F/port.o
 .debug_abbrev  0x00002cdb      0x256 ./ThirdParty/FreeRTOS/Source/portable/MemMang/heap_4.o

.debug_aranges  0x00000000     0x1288
 .debug_aranges
                0x00000000       0x20 ./Core/Src/fonts.o
 .debug_aranges
                0x00000020       0x60 ./Core/Src/main.o
 .debug_aranges
                0x00000080       0xf8 ./Core/Src/ssd1306.o
 .debug_aranges
                0x00000178       0x40 ./Core/Src/stm32f4xx_hal_msp.o
 .debug_aranges
                0x000001b8       0x30 ./Core/Src/stm32f4xx_hal_timebase_tim.o
 .debug_aranges
                0x000001e8       0x50 ./Core/Src/stm32f4xx_it.o
 .debug_aranges
                0x00000238       0x28 ./Core/Src/system_stm32f4xx.o
 .debug_aranges
                0x00000260       0x28 ./Core/Startup/startup_stm32f401ccux.o
 .debug_aranges
                0x00000288       0xf0 ./Drivers/STM32F4xx_HAL_Driver/Src/stm32f4xx_hal.o
 .debug_aranges
                0x00000378      0x120 ./Drivers/STM32F4xx_HAL_Driver/Src/stm32f4xx_hal_cortex.o
 .debug_aranges
                0x00000498       0x58 ./Drivers/STM32F4xx_HAL_Driver/Src/stm32f4xx_hal_gpio.o
 .debug_aranges
                0x000004f0      0x2a8 ./Drivers/STM32F4xx_HAL_Driver/Src/stm32f4xx_hal_i2c.o
 .debug_aranges
                0x00000798       0x88 ./Drivers/STM32F4xx_HAL_Driver/Src/stm32f4xx_hal_rcc.o
 .debug_aranges
                0x00000820      0x3d0 ./Drivers/STM32F4xx_HAL_Driver/Src/stm32f4xx_hal_tim.o
 .debug_aranges
                0x00000bf0      0x168 ./Drivers/STM32F4xx_HAL_Driver/Src/stm32f4xx_hal_tim_ex.o
 .debug_aranges
                0x00000d58       0x40 ./ThirdParty/FreeRTOS/Source/list.o
 .debug_aranges
                0x00000d98      0x130 ./ThirdParty/FreeRTOS/Source/queue.o
 .debug_aranges
                0x00000ec8      0x1f8 ./ThirdParty/FreeRTOS/Source/tasks.o
 .debug_aranges
                0x000010c0       0xe8 ./ThirdParty/FreeRTOS/Source/timers.o
 .debug_aranges
                0x000011a8       0x80 ./ThirdParty/FreeRTOS/Source/portable/GCC/ARM_CM4F/port.o
 .debug_aranges
                0x00001228       0x60 ./ThirdParty/FreeRTOS/Source/portable/MemMang/heap_4.o

.debug_rnglists
                0x00000000      0xe74
 .debug_rnglists
                0x00000000       0x13 ./Core/Src/fonts.o
 .debug_rnglists
                0x00000013       0x48 ./Core/Src/main.o
 .debug_rnglists
                0x0000005b       0xc2 ./Core/Src/ssd1306.o
 .debug_rnglists
                0x0000011d       0x2c ./Core/Src/stm32f4xx_hal_msp.o
 .debug_rnglists
                0x00000149       0x20 ./Core/Src/stm32f4xx_hal_timebase_tim.o
 .debug_rnglists
                0x00000169       0x37 ./Core/Src/stm32f4xx_it.o
 .debug_rnglists
                0x000001a0       0x1a ./Core/Src/system_stm32f4xx.o
 .debug_rnglists
                0x000001ba       0x19 ./Core/Startup/startup_stm32f401ccux.o
 .debug_rnglists
                0x000001d3       0xaf ./Drivers/STM32F4xx_HAL_Driver/Src/stm32f4xx_hal.o
 .debug_rnglists
                0x00000282       0xd4 ./Drivers/STM32F4xx_HAL_Driver/Src/stm32f4xx_hal_cortex.o
 .debug_rnglists
                0x00000356       0x3f ./Drivers/STM32F4xx_HAL_Driver/Src/stm32f4xx_hal_gpio.o
 .debug_rnglists
                0x00000395      0x23c ./Drivers/STM32F4xx_HAL_Driver/Src/stm32f4xx_hal_i2c.o
 .debug_rnglists
                0x000005d1       0x66 ./Drivers/STM32F4xx_HAL_Driver/Src/stm32f4xx_hal_rcc.o
 .debug_rnglists
                0x00000637      0x31a ./Drivers/STM32F4xx_HAL_Driver/Src/stm32f4xx_hal_tim.o
 .debug_rnglists
                0x00000951      0x125 ./Drivers/STM32F4xx_HAL_Driver/Src/stm32f4xx_hal_tim_ex.o
 .debug_rnglists
                0x00000a76       0x2b ./ThirdParty/FreeRTOS/Source/list.o
 .debug_rnglists
                0x00000aa1       0xec ./ThirdParty/FreeRTOS/Source/queue.o
 .debug_rnglists
                0x00000b8d      0x195 ./ThirdParty/FreeRTOS/Source/tasks.o
 .debug_rnglists
                0x00000d22       0xad ./ThirdParty/FreeRTOS/Source/timers.o
 .debug_rnglists
                0x00000dcf       0x5d ./ThirdParty/FreeRTOS/Source/portable/GCC/ARM_CM4F/port.o
 .debug_rnglists
                0x00000e2c       0x48 ./ThirdParty/FreeRTOS/Source/portable/MemMang/heap_4.o

.debug_macro    0x00000000    0x180bc
 .debug_macro   0x00000000      0x2b5 ./Core/Src/fonts.o
 .debug_macro   0x000002b5      0xab4 ./Core/Src/fonts.o
 .debug_macro   0x00000d69      0x29b ./Core/Src/fonts.o
 .debug_macro   0x00001004       0x2e ./Core/Src/fonts.o
 .debug_macro   0x00001032       0x28 ./Core/Src/fonts.o
 .debug_macro   0x0000105a       0x22 ./Core/Src/fonts.o
 .debug_macro   0x0000107c       0x8e ./Core/Src/fonts.o
 .debug_macro   0x0000110a       0x51 ./Core/Src/fonts.o
 .debug_macro   0x0000115b      0x103 ./Core/Src/fonts.o
 .debug_macro   0x0000125e       0x6a ./Core/Src/fonts.o
 .debug_macro   0x000012c8      0x1df ./Core/Src/fonts.o
 .debug_macro   0x000014a7       0x1c ./Core/Src/fonts.o
 .debug_macro   0x000014c3       0x22 ./Core/Src/fonts.o
 .debug_macro   0x000014e5       0xfb ./Core/Src/fonts.o
 .debug_macro   0x000015e0     0x1011 ./Core/Src/fonts.o
 .debug_macro   0x000025f1      0x11f ./Core/Src/fonts.o
 .debug_macro   0x00002710     0xb86c ./Core/Src/fonts.o
 .debug_macro   0x0000df7c       0x6d ./Core/Src/fonts.o
 .debug_macro   0x0000dfe9     0x368c ./Core/Src/fonts.o
 .debug_macro   0x00011675      0x189 ./Core/Src/fonts.o
 .debug_macro   0x000117fe       0x5c ./Core/Src/fonts.o
 .debug_macro   0x0001185a      0x416 ./Core/Src/fonts.o
 .debug_macro   0x00011c70      0x9e9 ./Core/Src/fonts.o
 .debug_macro   0x00012659      0x115 ./Core/Src/fonts.o
 .debug_macro   0x0001276e       0xf8 ./Core/Src/fonts.o
 .debug_macro   0x00012866       0xa5 ./Core/Src/fonts.o
 .debug_macro   0x0001290b      0x15f ./Core/Src/fonts.o
 .debug_macro   0x00012a6a      0x287 ./Core/Src/fonts.o
 .debug_macro   0x00012cf1       0x5f ./Core/Src/fonts.o
 .debug_macro   0x00012d50      0x236 ./Core/Src/fonts.o
 .debug_macro   0x00012f86      0x132 ./Core/Src/fonts.o
 .debug_macro   0x000130b8      0x23a ./Core/Src/fonts.o
 .debug_macro   0x000132f2       0x2e ./Core/Src/fonts.o
 .debug_macro   0x00013320      0x1b5 ./Core/Src/fonts.o
 .debug_macro   0x000134d5       0x22 ./Core/Src/fonts.o
 .debug_macro   0x000134f7       0xd6 ./Core/Src/fonts.o
 .debug_macro   0x000135cd      0x127 ./Core/Src/fonts.o
 .debug_macro   0x000136f4       0x85 ./Core/Src/fonts.o
 .debug_macro   0x00013779       0x89 ./Core/Src/fonts.o
 .debug_macro   0x00013802      0x8ed ./Core/Src/fonts.o
 .debug_macro   0x000140ef       0x47 ./Core/Src/fonts.o
 .debug_macro   0x00014136      0x126 ./Core/Src/fonts.o
 .debug_macro   0x0001425c       0x61 ./Core/Src/fonts.o
 .debug_macro   0x000142bd       0x2a ./Core/Src/fonts.o
 .debug_macro   0x000142e7       0x43 ./Core/Src/fonts.o
 .debug_macro   0x0001432a       0x34 ./Core/Src/fonts.o
 .debug_macro   0x0001435e       0x16 ./Core/Src/fonts.o
 .debug_macro   0x00014374       0x43 ./Core/Src/fonts.o
 .debug_macro   0x000143b7       0x34 ./Core/Src/fonts.o
 .debug_macro   0x000143eb       0x10 ./Core/Src/fonts.o
 .debug_macro   0x000143fb       0x58 ./Core/Src/fonts.o
 .debug_macro   0x00014453       0x8e ./Core/Src/fonts.o
 .debug_macro   0x000144e1       0x1c ./Core/Src/fonts.o
 .debug_macro   0x000144fd      0x177 ./Core/Src/fonts.o
 .debug_macro   0x00014674      0x369 ./Core/Src/fonts.o
 .debug_macro   0x000149dd       0x10 ./Core/Src/fonts.o
 .debug_macro   0x000149ed       0x35 ./Core/Src/fonts.o
 .debug_macro   0x00014a22       0x20 ./Core/Src/fonts.o
 .debug_macro   0x00014a42      0x3e4 ./Core/Src/main.o
 .debug_macro   0x00014e26       0x16 ./Core/Src/main.o
 .debug_macro   0x00014e3c       0x10 ./Core/Src/main.o
 .debug_macro   0x00014e4c       0x16 ./Core/Src/main.o
 .debug_macro   0x00014e62       0x16 ./Core/Src/main.o
 .debug_macro   0x00014e78      0x146 ./Core/Src/main.o
 .debug_macro   0x00014fbe      0x100 ./Core/Src/main.o
 .debug_macro   0x000150be      0x15a ./Core/Src/main.o
 .debug_macro   0x00015218       0xea ./Core/Src/main.o
 .debug_macro   0x00015302       0x28 ./Core/Src/main.o
 .debug_macro   0x0001532a       0x1f ./Core/Src/main.o
 .debug_macro   0x00015349       0x12 ./Core/Src/main.o
 .debug_macro   0x0001535b      0x526 ./Core/Src/main.o
 .debug_macro   0x00015881       0xc3 ./Core/Src/main.o
 .debug_macro   0x00015944      0x120 ./Core/Src/main.o
 .debug_macro   0x00015a64       0x80 ./Core/Src/main.o
 .debug_macro   0x00015ae4       0x16 ./Core/Src/main.o
 .debug_macro   0x00015afa       0x16 ./Core/Src/main.o
 .debug_macro   0x00015b10       0x16 ./Core/Src/main.o
 .debug_macro   0x00015b26       0x29 ./Core/Src/main.o
 .debug_macro   0x00015b4f       0x1d ./Core/Src/main.o
 .debug_macro   0x00015b6c      0x340 ./Core/Src/ssd1306.o
 .debug_macro   0x00015eac      0x1e7 ./Core/Src/stm32f4xx_hal_msp.o
 .debug_macro   0x00016093      0x1dd ./Core/Src/stm32f4xx_hal_timebase_tim.o
 .debug_macro   0x00016270      0x1f1 ./Core/Src/stm32f4xx_it.o
 .debug_macro   0x00016461      0x1dd ./Core/Src/system_stm32f4xx.o
 .debug_macro   0x0001663e      0x23d ./Drivers/STM32F4xx_HAL_Driver/Src/stm32f4xx_hal.o
 .debug_macro   0x0001687b      0x1dd ./Drivers/STM32F4xx_HAL_Driver/Src/stm32f4xx_hal_cortex.o
 .debug_macro   0x00016a58      0x1e3 ./Drivers/STM32F4xx_HAL_Driver/Src/stm32f4xx_hal_gpio.o
 .debug_macro   0x00016c3b      0x22b ./Drivers/STM32F4xx_HAL_Driver/Src/stm32f4xx_hal_i2c.o
 .debug_macro   0x00016e66      0x201 ./Drivers/STM32F4xx_HAL_Driver/Src/stm32f4xx_hal_rcc.o
 .debug_macro   0x00017067      0x1de ./Drivers/STM32F4xx_HAL_Driver/Src/stm32f4xx_hal_tim.o
 .debug_macro   0x00017245      0x1dd ./Drivers/STM32F4xx_HAL_Driver/Src/stm32f4xx_hal_tim_ex.o
 .debug_macro   0x00017422      0x198 ./ThirdParty/FreeRTOS/Source/list.o
 .debug_macro   0x000175ba      0x22f ./ThirdParty/FreeRTOS/Source/queue.o
 .debug_macro   0x000177e9      0x27e ./ThirdParty/FreeRTOS/Source/tasks.o
 .debug_macro   0x00017a67       0x17 ./ThirdParty/FreeRTOS/Source/tasks.o
 .debug_macro   0x00017a7e      0x1e7 ./ThirdParty/FreeRTOS/Source/timers.o
 .debug_macro   0x00017c65       0x97 ./ThirdParty/FreeRTOS/Source/timers.o
 .debug_macro   0x00017cfc      0x1a7 ./ThirdParty/FreeRTOS/Source/portable/GCC/ARM_CM4F/port.o
 .debug_macro   0x00017ea3      0x219 ./ThirdParty/FreeRTOS/Source/portable/MemMang/heap_4.o

.debug_line     0x00000000    0x15f92
 .debug_line    0x00000000      0x8d1 ./Core/Src/fonts.o
 .debug_line    0x000008d1      0xcfd ./Core/Src/main.o
 .debug_line    0x000015ce     0x1098 ./Core/Src/ssd1306.o
 .debug_line    0x00002666      0x7ee ./Core/Src/stm32f4xx_hal_msp.o
 .debug_line    0x00002e54      0x7e3 ./Core/Src/stm32f4xx_hal_timebase_tim.o
 .debug_line    0x00003637      0x804 ./Core/Src/stm32f4xx_it.o
 .debug_line    0x00003e3b      0x7ec ./Core/Src/system_stm32f4xx.o
 .debug_line    0x00004627       0x7a ./Core/Startup/startup_stm32f401ccux.o
 .debug_line    0x000046a1      0xa55 ./Drivers/STM32F4xx_HAL_Driver/Src/stm32f4xx_hal.o
 .debug_line    0x000050f6      0xd1d ./Drivers/STM32F4xx_HAL_Driver/Src/stm32f4xx_hal_cortex.o
 .debug_line    0x00005e13      0xba5 ./Drivers/STM32F4xx_HAL_Driver/Src/stm32f4xx_hal_gpio.o
 .debug_line    0x000069b8     0x3b9b ./Drivers/STM32F4xx_HAL_Driver/Src/stm32f4xx_hal_i2c.o
 .debug_line    0x0000a553      0xdc6 ./Drivers/STM32F4xx_HAL_Driver/Src/stm32f4xx_hal_rcc.o
 .debug_line    0x0000b319     0x35d3 ./Drivers/STM32F4xx_HAL_Driver/Src/stm32f4xx_hal_tim.o
 .debug_line    0x0000e8ec     0x19e6 ./Drivers/STM32F4xx_HAL_Driver/Src/stm32f4xx_hal_tim_ex.o
 .debug_line    0x000102d2      0x7c9 ./ThirdParty/FreeRTOS/Source/list.o
 .debug_line    0x00010a9b     0x16d5 ./ThirdParty/FreeRTOS/Source/queue.o
 .debug_line    0x00012170     0x1e1f ./ThirdParty/FreeRTOS/Source/tasks.o
 .debug_line    0x00013f8f      0xd10 ./ThirdParty/FreeRTOS/Source/timers.o
 .debug_line    0x00014c9f      0x8a9 ./ThirdParty/FreeRTOS/Source/portable/GCC/ARM_CM4F/port.o
 .debug_line    0x00015548      0xa4a ./ThirdParty/FreeRTOS/Source/portable/MemMang/heap_4.o

.debug_str      0x00000000    0x96b01
 .debug_str     0x00000000    0x88d91 ./Core/Src/fonts.o
                              0x89037 (size before relaxing)
 .debug_str     0x00088d91     0x6c64 ./Core/Src/main.o
                              0x8fd49 (size before relaxing)
 .debug_str     0x0008f9f5      0x4ed ./Core/Src/ssd1306.o
                              0x89b7e (size before relaxing)
 .debug_str     0x0008fee2       0x99 ./Core/Src/stm32f4xx_hal_msp.o
                              0x867fa (size before relaxing)
 .debug_str     0x0008ff7b      0x4a9 ./Core/Src/stm32f4xx_hal_timebase_tim.o
                              0x86991 (size before relaxing)
 .debug_str     0x00090424       0xb5 ./Core/Src/stm32f4xx_it.o
                              0x863e7 (size before relaxing)
 .debug_str     0x000904d9       0xdb ./Core/Src/system_stm32f4xx.o
                              0x85ffc (size before relaxing)
 .debug_str     0x000905b4       0x44 ./Core/Startup/startup_stm32f401ccux.o
                                 0x7d (size before relaxing)
 .debug_str     0x000905f8      0x5bd ./Drivers/STM32F4xx_HAL_Driver/Src/stm32f4xx_hal.o
                              0x86a1e (size before relaxing)
 .debug_str     0x00090bb5      0x347 ./Drivers/STM32F4xx_HAL_Driver/Src/stm32f4xx_hal_cortex.o
                              0x86756 (size before relaxing)
 .debug_str     0x00090efc      0x110 ./Drivers/STM32F4xx_HAL_Driver/Src/stm32f4xx_hal_gpio.o
                              0x86177 (size before relaxing)
 .debug_str     0x0009100c      0xb0d ./Drivers/STM32F4xx_HAL_Driver/Src/stm32f4xx_hal_i2c.o
                              0x8700d (size before relaxing)
 .debug_str     0x00091b19      0x1f2 ./Drivers/STM32F4xx_HAL_Driver/Src/stm32f4xx_hal_rcc.o
                              0x86430 (size before relaxing)
 .debug_str     0x00091d0b      0xda5 ./Drivers/STM32F4xx_HAL_Driver/Src/stm32f4xx_hal_tim.o
                              0x87374 (size before relaxing)
 .debug_str     0x00092ab0      0x493 ./Drivers/STM32F4xx_HAL_Driver/Src/stm32f4xx_hal_tim_ex.o
                              0x86b80 (size before relaxing)
 .debug_str     0x00092f43      0x18a ./ThirdParty/FreeRTOS/Source/list.o
                               0xb141 (size before relaxing)
 .debug_str     0x000930cd      0xc71 ./ThirdParty/FreeRTOS/Source/queue.o
                               0xd840 (size before relaxing)
 .debug_str     0x00093d3e     0x1abd ./ThirdParty/FreeRTOS/Source/tasks.o
                               0xe252 (size before relaxing)
 .debug_str     0x000957fb      0x54b ./ThirdParty/FreeRTOS/Source/timers.o
                               0xd9c0 (size before relaxing)
 .debug_str     0x00095d46      0x7dd ./ThirdParty/FreeRTOS/Source/portable/GCC/ARM_CM4F/port.o
                               0x9988 (size before relaxing)
 .debug_str     0x00096523      0x5de ./ThirdParty/FreeRTOS/Source/portable/MemMang/heap_4.o
                               0xc96b (size before relaxing)

.comment        0x00000000       0x43
 .comment       0x00000000       0x43 ./Core/Src/fonts.o
                                 0x44 (size before relaxing)
 .comment       0x00000043       0x44 ./Core/Src/main.o
 .comment       0x00000043       0x44 ./Core/Src/ssd1306.o
 .comment       0x00000043       0x44 ./Core/Src/stm32f4xx_hal_msp.o
 .comment       0x00000043       0x44 ./Core/Src/stm32f4xx_hal_timebase_tim.o
 .comment       0x00000043       0x44 ./Core/Src/stm32f4xx_it.o
 .comment       0x00000043       0x44 ./Core/Src/system_stm32f4xx.o
 .comment       0x00000043       0x44 ./Drivers/STM32F4xx_HAL_Driver/Src/stm32f4xx_hal.o
 .comment       0x00000043       0x44 ./Drivers/STM32F4xx_HAL_Driver/Src/stm32f4xx_hal_cortex.o
 .comment       0x00000043       0x44 ./Drivers/STM32F4xx_HAL_Driver/Src/stm32f4xx_hal_gpio.o
 .comment       0x00000043       0x44 ./Drivers/STM32F4xx_HAL_Driver/Src/stm32f4xx_hal_i2c.o
 .comment       0x00000043       0x44 ./Drivers/STM32F4xx_HAL_Driver/Src/stm32f4xx_hal_rcc.o
 .comment       0x00000043       0x44 ./Drivers/STM32F4xx_HAL_Driver/Src/stm32f4xx_hal_tim.o
 .comment       0x00000043       0x44 ./Drivers/STM32F4xx_HAL_Driver/Src/stm32f4xx_hal_tim_ex.o
 .comment       0x00000043       0x44 ./ThirdParty/FreeRTOS/Source/list.o
 .comment       0x00000043       0x44 ./ThirdParty/FreeRTOS/Source/queue.o
 .comment       0x00000043       0x44 ./ThirdParty/FreeRTOS/Source/tasks.o
 .comment       0x00000043       0x44 ./ThirdParty/FreeRTOS/Source/timers.o
 .comment       0x00000043       0x44 ./ThirdParty/FreeRTOS/Source/portable/GCC/ARM_CM4F/port.o
 .comment       0x00000043       0x44 ./ThirdParty/FreeRTOS/Source/portable/MemMang/heap_4.o

.debug_frame    0x00000000     0x5434
 .debug_frame   0x00000000       0x38 ./Core/Src/fonts.o
 .debug_frame   0x00000038      0x134 ./Core/Src/main.o
 .debug_frame   0x0000016c      0x414 ./Core/Src/ssd1306.o
 .debug_frame   0x00000580       0xd0 ./Core/Src/stm32f4xx_hal_msp.o
 .debug_frame   0x00000650       0x74 ./Core/Src/stm32f4xx_hal_timebase_tim.o
 .debug_frame   0x000006c4       0xc4 ./Core/Src/stm32f4xx_it.o
 .debug_frame   0x00000788       0x58 ./Core/Src/system_stm32f4xx.o
 .debug_frame   0x000007e0      0x374 ./Drivers/STM32F4xx_HAL_Driver/Src/stm32f4xx_hal.o
 .debug_frame   0x00000b54      0x4b8 ./Drivers/STM32F4xx_HAL_Driver/Src/stm32f4xx_hal_cortex.o
 .debug_frame   0x0000100c      0x14c ./Drivers/STM32F4xx_HAL_Driver/Src/stm32f4xx_hal_gpio.o
 .debug_frame   0x00001158      0xc84 ./Drivers/STM32F4xx_HAL_Driver/Src/stm32f4xx_hal_i2c.o
 .debug_frame   0x00001ddc      0x1f4 ./Drivers/STM32F4xx_HAL_Driver/Src/stm32f4xx_hal_rcc.o
 .debug_frame   0x00001fd0     0x11b8 ./Drivers/STM32F4xx_HAL_Driver/Src/stm32f4xx_hal_tim.o
 .debug_frame   0x00003188      0x638 ./Drivers/STM32F4xx_HAL_Driver/Src/stm32f4xx_hal_tim_ex.o
 .debug_frame   0x000037c0       0xd8 ./ThirdParty/FreeRTOS/Source/list.o
 .debug_frame   0x00003898      0x530 ./ThirdParty/FreeRTOS/Source/queue.o
 .debug_frame   0x00003dc8      0x8a8 ./ThirdParty/FreeRTOS/Source/tasks.o
 .debug_frame   0x00004670      0x3c8 ./ThirdParty/FreeRTOS/Source/timers.o
 .debug_frame   0x00004a38      0x1a8 ./ThirdParty/FreeRTOS/Source/portable/GCC/ARM_CM4F/port.o
 .debug_frame   0x00004be0      0x150 ./ThirdParty/FreeRTOS/Source/portable/MemMang/heap_4.o
 .debug_frame   0x00004d30      0x144 C:/ST/STM32CubeIDE_1.16.0/STM32CubeIDE/plugins/com.st.stm32cube.ide.mcu.externaltools.gnu-tools-for-stm32.12.3.rel1.win32_1.0.200.202406191623/tools/bin/../lib/gcc/arm-none-eabi/12.3.1/../../../../arm-none-eabi/lib/thumb/v7e-m+fp/hard\libc_nano.a(libc_a-findfp.o)